Component: ARM Compiler 5.06 update 7 (build 960) Tool: armlink [4d3601]

==============================================================================

Section Cross References

    startup_stm32f103xe.o(STACK) refers (Special) to heapauxi.o(.text) for __use_two_region_memory
    startup_stm32f103xe.o(HEAP) refers (Special) to heapauxi.o(.text) for __use_two_region_memory
    startup_stm32f103xe.o(RESET) refers (Special) to heapauxi.o(.text) for __use_two_region_memory
    startup_stm32f103xe.o(RESET) refers to startup_stm32f103xe.o(STACK) for __initial_sp
    startup_stm32f103xe.o(RESET) refers to startup_stm32f103xe.o(.text) for Reset_Handler
    startup_stm32f103xe.o(RESET) refers to stm32f1xx_it.o(i.NMI_Handler) for NMI_Handler
    startup_stm32f103xe.o(RESET) refers to stm32f1xx_it.o(i.HardFault_Handler) for HardFault_Handler
    startup_stm32f103xe.o(RESET) refers to stm32f1xx_it.o(i.MemManage_Handler) for MemManage_Handler
    startup_stm32f103xe.o(RESET) refers to stm32f1xx_it.o(i.BusFault_Handler) for BusFault_Handler
    startup_stm32f103xe.o(RESET) refers to stm32f1xx_it.o(i.UsageFault_Handler) for UsageFault_Handler
    startup_stm32f103xe.o(RESET) refers to stm32f1xx_it.o(i.SVC_Handler) for SVC_Handler
    startup_stm32f103xe.o(RESET) refers to stm32f1xx_it.o(i.DebugMon_Handler) for DebugMon_Handler
    startup_stm32f103xe.o(RESET) refers to stm32f1xx_it.o(i.PendSV_Handler) for PendSV_Handler
    startup_stm32f103xe.o(RESET) refers to stm32f1xx_it.o(i.SysTick_Handler) for SysTick_Handler
    startup_stm32f103xe.o(RESET) refers to stm32f1xx_it.o(i.EXTI1_IRQHandler) for EXTI1_IRQHandler
    startup_stm32f103xe.o(RESET) refers to stm32f1xx_it.o(i.USART2_IRQHandler) for USART2_IRQHandler
    startup_stm32f103xe.o(RESET) refers to stm32f1xx_it.o(i.USART3_IRQHandler) for USART3_IRQHandler
    startup_stm32f103xe.o(.text) refers (Special) to heapauxi.o(.text) for __use_two_region_memory
    startup_stm32f103xe.o(.text) refers to system_stm32f1xx.o(i.SystemInit) for SystemInit
    startup_stm32f103xe.o(.text) refers to __main.o(!!!main) for __main
    startup_stm32f103xe.o(.text) refers to startup_stm32f103xe.o(HEAP) for Heap_Mem
    startup_stm32f103xe.o(.text) refers to startup_stm32f103xe.o(STACK) for Stack_Mem
    main.o(i.HAL_GPIO_EXTI_Callback) refers to stm32f1xx_hal_gpio.o(i.HAL_GPIO_WritePin) for HAL_GPIO_WritePin
    main.o(i.HAL_GPIO_EXTI_Callback) refers to lcd.o(i.LCD_ShowNum) for LCD_ShowNum
    main.o(i.HAL_GPIO_EXTI_Callback) refers to main.o(.data) for .data
    main.o(i.HAL_UART_RxCpltCallback) refers to stm32f1xx_hal_uart.o(i.HAL_UART_Receive_IT) for HAL_UART_Receive_IT
    main.o(i.HAL_UART_RxCpltCallback) refers to lcd.o(i.LCD_ShowNum) for LCD_ShowNum
    main.o(i.HAL_UART_RxCpltCallback) refers to main.o(.data) for .data
    main.o(i.HAL_UART_RxCpltCallback) refers to usart.o(.bss) for huart2
    main.o(i.Incremental_PID) refers to faddsub_clz.o(x$fpl$fsub) for __aeabi_fsub
    main.o(i.Incremental_PID) refers to fmul.o(x$fpl$fmul) for __aeabi_fmul
    main.o(i.Incremental_PID) refers to fdiv.o(x$fpl$fdiv) for __aeabi_fdiv
    main.o(i.Incremental_PID) refers to faddsub_clz.o(x$fpl$fadd) for __aeabi_fadd
    main.o(i.Incremental_PID) refers to main.o(.data) for .data
    main.o(i.Mod1_run) refers to stm32f1xx_hal_gpio.o(i.HAL_GPIO_WritePin) for HAL_GPIO_WritePin
    main.o(i.Mod1_run) refers to fflt_clz.o(x$fpl$ffltu) for __aeabi_ui2f
    main.o(i.Mod1_run) refers to fflt_clz.o(x$fpl$fflt) for __aeabi_i2f
    main.o(i.Mod1_run) refers to main.o(i.Incremental_PID) for Incremental_PID
    main.o(i.Mod1_run) refers to fmul.o(x$fpl$fmul) for __aeabi_fmul
    main.o(i.Mod1_run) refers to faddsub_clz.o(x$fpl$fadd) for __aeabi_fadd
    main.o(i.Mod1_run) refers to ffixu.o(x$fpl$ffixu) for __aeabi_f2uiz
    main.o(i.Mod1_run) refers to stm32f1xx_hal.o(i.HAL_Delay) for HAL_Delay
    main.o(i.Mod1_run) refers to main.o(.data) for .data
    main.o(i.Mod1_run) refers to tim.o(.bss) for htim3
    main.o(i.Mod2_run) refers to stm32f1xx_hal_gpio.o(i.HAL_GPIO_WritePin) for HAL_GPIO_WritePin
    main.o(i.Mod2_run) refers to main.o(i.X_get_adc) for X_get_adc
    main.o(i.Mod2_run) refers to main.o(i.Y_get_adc) for Y_get_adc
    main.o(i.Mod2_run) refers to main.o(i.Map_XY_To_PWM) for Map_XY_To_PWM
    main.o(i.Mod2_run) refers to oled.o(i.OLED_ShowNum) for OLED_ShowNum
    main.o(i.Mod2_run) refers to main.o(.data) for .data
    main.o(i.Mod2_run) refers to tim.o(.bss) for htim3
    main.o(i.Mod3_run) refers to stm32f1xx_hal_gpio.o(i.HAL_GPIO_WritePin) for HAL_GPIO_WritePin
    main.o(i.Mod3_run) refers to main.o(i.X_get_adc) for X_get_adc
    main.o(i.Mod3_run) refers to main.o(i.Y_get_adc) for Y_get_adc
    main.o(i.Mod3_run) refers to mode3.o(i.Dir_PWM) for Dir_PWM
    main.o(i.Mod3_run) refers to oled.o(i.OLED_ShowNum) for OLED_ShowNum
    main.o(i.Mod3_run) refers to main.o(.data) for .data
    main.o(i.Mod3_run) refers to tim.o(.bss) for htim3
[...]
    dc.s                                     0x00000000   Number         0  dc.o ABSOLUTE
    mode3.c                                  0x00000000   Number         0  mode3.o ABSOLUTE
    mode3.c                                  0x00000000   Number         0  mode3.o ABSOLUTE
    startup_stm32f103xe.s                    0x00000000   Number         0  startup_stm32f103xe.o ABSOLUTE
    RESET                                    0x08000000   Section      304  startup_stm32f103xe.o(RESET)
    !!!main                                  0x08000130   Section        8  __main.o(!!!main)
    !!!scatter                               0x08000138   Section       52  __scatter.o(!!!scatter)
    !!handler_copy                           0x0800016c   Section       26  __scatter_copy.o(!!handler_copy)
    !!handler_zi                             0x08000188   Section       28  __scatter_zi.o(!!handler_zi)
    .ARM.Collect$$libinit$$00000000          0x080001a4   Section        2  libinit.o(.ARM.Collect$$libinit$$00000000)
    .ARM.Collect$$libinit$$00000002          0x080001a6   Section        0  libinit2.o(.ARM.Collect$$libinit$$00000002)
    .ARM.Collect$$libinit$$00000004          0x080001a6   Section        0  libinit2.o(.ARM.Collect$$libinit$$00000004)
    .ARM.Collect$$libinit$$0000000A          0x080001a6   Section        0  libinit2.o(.ARM.Collect$$libinit$$0000000A)
    .ARM.Collect$$libinit$$0000000C          0x080001a6   Section        0  libinit2.o(.ARM.Collect$$libinit$$0000000C)
    .ARM.Collect$$libinit$$0000000E          0x080001a6   Section        0  libinit2.o(.ARM.Collect$$libinit$$0000000E)
    .ARM.Collect$$libinit$$00000011          0x080001a6   Section        0  libinit2.o(.ARM.Collect$$libinit$$00000011)
    .ARM.Collect$$libinit$$00000013          0x080001a6   Section        0  libinit2.o(.ARM.Collect$$libinit$$00000013)
    .ARM.Collect$$libinit$$00000015          0x080001a6   Section        0  libinit2.o(.ARM.Collect$$libinit$$00000015)
    .ARM.Collect$$libinit$$00000017          0x080001a6   Section        0  libinit2.o(.ARM.Collect$$libinit$$00000017)
    .ARM.Collect$$libinit$$00000019          0x080001a6   Section        0  libinit2.o(.ARM.Collect$$libinit$$00000019)
    .ARM.Collect$$libinit$$0000001B          0x080001a6   Section        0  libinit2.o(.ARM.Collect$$libinit$$0000001B)
    .ARM.Collect$$libinit$$0000001D          0x080001a6   Section        0  libinit2.o(.ARM.Collect$$libinit$$0000001D)
    .ARM.Collect$$libinit$$0000001F          0x080001a6   Section        0  libinit2.o(.ARM.Collect$$libinit$$0000001F)
    .ARM.Collect$$libinit$$00000021          0x080001a6   Section        0  libinit2.o(.ARM.Collect$$libinit$$00000021)
    .ARM.Collect$$libinit$$00000023          0x080001a6   Section        0  libinit2.o(.ARM.Collect$$libinit$$00000023)
    .ARM.Collect$$libinit$$00000025          0x080001a6   Section        0  libinit2.o(.ARM.Collect$$libinit$$00000025)
    .ARM.Collect$$libinit$$0000002C          0x080001a6   Section        0  libinit2.o(.ARM.Collect$$libinit$$0000002C)
    .ARM.Collect$$libinit$$0000002E          0x080001a6   Section        0  libinit2.o(.ARM.Collect$$libinit$$0000002E)
    .ARM.Collect$$libinit$$00000030          0x080001a6   Section        0  libinit2.o(.ARM.Collect$$libinit$$00000030)
    .ARM.Collect$$libinit$$00000032          0x080001a6   Section        0  libinit2.o(.ARM.Collect$$libinit$$00000032)
    .ARM.Collect$$libinit$$00000033          0x080001a6   Section        2  libinit2.o(.ARM.Collect$$libinit$$00000033)
    .ARM.Collect$$libshutdown$$00000000      0x080001a8   Section        2  libshutdown.o(.ARM.Collect$$libshutdown$$00000000)
    .ARM.Collect$$libshutdown$$00000002      0x080001aa   Section        0  libshutdown2.o(.ARM.Collect$$libshutdown$$00000002)
    .ARM.Collect$$libshutdown$$00000004      0x080001aa   Section        0  libshutdown2.o(.ARM.Collect$$libshutdown$$00000004)
    .ARM.Collect$$libshutdown$$00000006      0x080001aa   Section        0  libshutdown2.o(.ARM.Collect$$libshutdown$$00000006)
    .ARM.Collect$$libshutdown$$00000009      0x080001aa   Section        0  libshutdown2.o(.ARM.Collect$$libshutdown$$00000009)
    .ARM.Collect$$libshutdown$$0000000C      0x080001aa   Section        0  libshutdown2.o(.ARM.Collect$$libshutdown$$0000000C)
    .ARM.Collect$$libshutdown$$0000000E      0x080001aa   Section        0  libshutdown2.o(.ARM.Collect$$libshutdown$$0000000E)
    .ARM.Collect$$libshutdown$$00000011      0x080001aa   Section        0  libshutdown2.o(.ARM.Collect$$libshutdown$$00000011)
    .ARM.Collect$$libshutdown$$00000012      0x080001aa   Section        2  libshutdown2.o(.ARM.Collect$$libshutdown$$00000012)
    .ARM.Collect$$rtentry$$00000000          0x080001ac   Section        0  __rtentry.o(.ARM.Collect$$rtentry$$00000000)
    .ARM.Collect$$rtentry$$00000002          0x080001ac   Section        0  __rtentry2.o(.ARM.Collect$$rtentry$$00000002)
    .ARM.Collect$$rtentry$$00000004          0x080001ac   Section        6  __rtentry4.o(.ARM.Collect$$rtentry$$00000004)
    .ARM.Collect$$rtentry$$00000009          0x080001b2   Section        0  __rtentry2.o(.ARM.Collect$$rtentry$$00000009)
    .ARM.Collect$$rtentry$$0000000A          0x080001b2   Section        4  __rtentry2.o(.ARM.Collect$$rtentry$$0000000A)
    .ARM.Collect$$rtentry$$0000000C          0x080001b6   Section        0  __rtentry2.o(.ARM.Collect$$rtentry$$0000000C)
    .ARM.Collect$$rtentry$$0000000D          0x080001b6   Section        8  __rtentry2.o(.ARM.Collect$$rtentry$$0000000D)
    .ARM.Collect$$rtexit$$00000000           0x080001be   Section        2  rtexit.o(.ARM.Collect$$rtexit$$00000000)
    .ARM.Collect$$rtexit$$00000002           0x080001c0   Section        0  rtexit2.o(.ARM.Collect$$rtexit$$00000002)
    .ARM.Collect$$rtexit$$00000003           0x080001c0   Section        4  rtexit2.o(.ARM.Collect$$rtexit$$00000003)
    .ARM.Collect$$rtexit$$00000004           0x080001c4   Section        6  rtexit2.o(.ARM.Collect$$rtexit$$00000004)
    .text                                    0x080001cc   Section       64  startup_stm32f103xe.o(.text)
    .text                                    0x0800020c   Section       78  rt_memclr_w.o(.text)
    .text                                    0x0800025a   Section        0  heapauxi.o(.text)
    .text                                    0x08000260   Section       74  sys_stackheap_outer.o(.text)
    .text                                    0x080002aa   Section        0  exit.o(.text)
    .text                                    0x080002bc   Section        8  libspace.o(.text)
    .text                                    0x080002c4   Section        0  sys_exit.o(.text)
    .text                                    0x080002d0   Section        2  use_no_semi.o(.text)
    .text                                    0x080002d2   Section        0  indicate_semi.o(.text)
    i.ADC_ConversionStop_Disable             0x080002d4   Section        0  stm32f1xx_hal_adc.o(i.ADC_ConversionStop_Disable)
    i.ADC_Enable                             0x0800032c   Section        0  stm32f1xx_hal_adc.o(i.ADC_Enable)
    i.BusFault_Handler                       0x080003a8   Section        0  stm32f1xx_it.o(i.BusFault_Handler)
    i.DebugMon_Handler                       0x080003aa   Section        0  stm32f1xx_it.o(i.DebugMon_Handler)
    i.Dir_PWM                                0x080003ac   Section        0  mode3.o(i.Dir_PWM)
    i.EXTI1_IRQHandler                       0x08000460   Section        0  stm32f1xx_it.o(i.EXTI1_IRQHandler)
    i.Error_Handler                          0x08000466   Section        0  main.o(i.Error_Handler)
    i.FSMC_NORSRAM_Extended_Timing_Init      0x0800046c   Section        0  stm32f1xx_ll_fsmc.o(i.FSMC_NORSRAM_Extended_Timing_Init)
    i.FSMC_NORSRAM_Init                      0x080004a8   Section        0  stm32f1xx_ll_fsmc.o(i.FSMC_NORSRAM_Init)
    i.FSMC_NORSRAM_Timing_Init               0x08000510   Section        0  stm32f1xx_ll_fsmc.o(i.FSMC_NORSRAM_Timing_Init)
    i.HAL_ADC_ConfigChannel                  0x0800054c   Section        0  stm32f1xx_hal_adc.o(i.HAL_ADC_ConfigChannel)
    i.HAL_ADC_GetState                       0x08000648   Section        0  stm32f1xx_hal_adc.o(i.HAL_ADC_GetState)
    i.HAL_ADC_GetValue                       0x0800064c   Section        0  stm32f1xx_hal_adc.o(i.HAL_ADC_GetValue)
    i.HAL_ADC_Init                           0x08000654   Section        0  stm32f1xx_hal_adc.o(i.HAL_ADC_Init)
    i.HAL_ADC_MspInit                        0x08000774   Section        0  adc.o(i.HAL_ADC_MspInit)
    i.HAL_ADC_PollForConversion              0x080007fc   Section        0  stm32f1xx_hal_adc.o(i.HAL_ADC_PollForConversion)
    i.HAL_ADC_Start                          0x08000938   Section        0  stm32f1xx_hal_adc.o(i.HAL_ADC_Start)
    i.HAL_DMA_Abort                          0x080009f8   Section        0  stm32f1xx_hal_dma.o(i.HAL_DMA_Abort)
    i.HAL_DMA_Abort_IT                       0x08000a40   Section        0  stm32f1xx_hal_dma.o(i.HAL_DMA_Abort_IT)
    i.HAL_Delay                              0x08000b70   Section        0  stm32f1xx_hal.o(i.HAL_Delay)
    i.HAL_FSMC_MspInit                       0x08000b94   Section        0  fsmc.o(i.HAL_FSMC_MspInit)
    HAL_FSMC_MspInit                         0x08000b95   Thumb Code   106  fsmc.o(i.HAL_FSMC_MspInit)
    i.HAL_GPIO_EXTI_Callback                 0x08000c14   Section        0  main.o(i.HAL_GPIO_EXTI_Callback)
    i.HAL_GPIO_EXTI_IRQHandler               0x08000d1c   Section        0  stm32f1xx_hal_gpio.o(i.HAL_GPIO_EXTI_IRQHandler)
    i.HAL_GPIO_Init                          0x08000d34   Section        0  stm32f1xx_hal_gpio.o(i.HAL_GPIO_Init)
    i.HAL_GPIO_WritePin                      0x08000f2c   Section        0  stm32f1xx_hal_gpio.o(i.HAL_GPIO_WritePin)
    i.HAL_GetTick                            0x08000f38   Section        0  stm32f1xx_hal.o(i.HAL_GetTick)
    i.HAL_IncTick                            0x08000f44   Section        0  stm32f1xx_hal.o(i.HAL_IncTick)
    i.HAL_Init                               0x08000f54   Section        0  stm32f1xx_hal.o(i.HAL_Init)
    i.HAL_InitTick                           0x08000f78   Section        0  stm32f1xx_hal.o(i.HAL_InitTick)
    i.HAL_MspInit                            0x08000fb8   Section        0  stm32f1xx_hal_msp.o(i.HAL_MspInit)
    i.HAL_NVIC_EnableIRQ                     0x08000ff4   Section        0  stm32f1xx_hal_cortex.o(i.HAL_NVIC_EnableIRQ)
    i.HAL_NVIC_SetPriority                   0x08001010   Section        0  stm32f1xx_hal_cortex.o(i.HAL_NVIC_SetPriority)
    i.HAL_NVIC_SetPriorityGrouping           0x08001050   Section        0  stm32f1xx_hal_cortex.o(i.HAL_NVIC_SetPriorityGrouping)
    i.HAL_RCCEx_GetPeriphCLKFreq             0x08001074   Section        0  stm32f1xx_hal_rcc_ex.o(i.HAL_RCCEx_GetPeriphCLKFreq)
    i.HAL_RCCEx_PeriphCLKConfig              0x0800112c   Section        0  stm32f1xx_hal_rcc_ex.o(i.HAL_RCCEx_PeriphCLKConfig)
    i.HAL_RCC_ClockConfig                    0x08001218   Section        0  stm32f1xx_hal_rcc.o(i.HAL_RCC_ClockConfig)
    i.HAL_RCC_GetPCLK1Freq                   0x08001344   Section        0  stm32f1xx_hal_rcc.o(i.HAL_RCC_GetPCLK1Freq)
    i.HAL_RCC_GetPCLK2Freq                   0x08001364   Section        0  stm32f1xx_hal_rcc.o(i.HAL_RCC_GetPCLK2Freq)
    i.HAL_RCC_GetSysClockFreq                0x08001384   Section        0  stm32f1xx_hal_rcc.o(i.HAL_RCC_GetSysClockFreq)
    i.HAL_RCC_OscConfig                      0x080013d0   Section        0  stm32f1xx_hal_rcc.o(i.HAL_RCC_OscConfig)
    i.HAL_SRAM_Init                          0x080016f0   Section        0  stm32f1xx_hal_sram.o(i.HAL_SRAM_Init)
    i.HAL_SRAM_MspInit                       0x08001754   Section        0  fsmc.o(i.HAL_SRAM_MspInit)
    i.HAL_SYSTICK_Config                     0x08001758   Section        0  stm32f1xx_hal_cortex.o(i.HAL_SYSTICK_Config)
    i.HAL_TIMEx_MasterConfigSynchronization  0x08001780   Section        0  stm32f1xx_hal_tim_ex.o(i.HAL_TIMEx_MasterConfigSynchronization)
    i.HAL_TIM_MspPostInit                    0x080017fc   Section        0  tim.o(i.HAL_TIM_MspPostInit)
    i.HAL_TIM_PWM_ConfigChannel              0x08001848   Section        0  stm32f1xx_hal_tim.o(i.HAL_TIM_PWM_ConfigChannel)
    i.HAL_TIM_PWM_Init                       0x08001914   Section        0  stm32f1xx_hal_tim.o(i.HAL_TIM_PWM_Init)
    i.HAL_TIM_PWM_MspInit                    0x08001970   Section        0  tim.o(i.HAL_TIM_PWM_MspInit)
    i.HAL_TIM_PWM_Start                      0x08001998   Section        0  stm32f1xx_hal_tim.o(i.HAL_TIM_PWM_Start)
    i.HAL_UARTEx_RxEventCallback             0x08001a4c   Section        0  stm32f1xx_hal_uart.o(i.HAL_UARTEx_RxEventCallback)
    i.HAL_UART_ErrorCallback                 0x08001a4e   Section        0  stm32f1xx_hal_uart.o(i.HAL_UART_ErrorCallback)
    i.HAL_UART_IRQHandler                    0x08001a50   Section        0  stm32f1xx_hal_uart.o(i.HAL_UART_IRQHandler)
    i.HAL_UART_Init                          0x08001cbc   Section        0  stm32f1xx_hal_uart.o(i.HAL_UART_Init)
    i.HAL_UART_MspInit                       0x08001d20   Section        0  usart.o(i.HAL_UART_MspInit)
    i.HAL_UART_Receive_IT                    0x08001dfc   Section        0  stm32f1xx_hal_uart.o(i.HAL_UART_Receive_IT)
    i.HAL_UART_RxCpltCallback                0x08001e18   Section        0  main.o(i.HAL_UART_RxCpltCallback)
    i.HAL_UART_TxCpltCallback                0x08001f10   Section        0  stm32f1xx_hal_uart.o(i.HAL_UART_TxCpltCallback)
    i.HardFault_Handler                      0x08001f12   Section        0  stm32f1xx_it.o(i.HardFault_Handler)
    i.Incremental_PID                        0x08001f14   Section        0  main.o(i.Incremental_PID)
    i.LCD_Clear                              0x08001f84   Section        0  lcd.o(i.LCD_Clear)
    i.LCD_Display_Dir                        0x08001fb4   Section        0  lcd.o(i.LCD_Display_Dir)
    i.LCD_Fast_DrawPoint                     0x080020a0   Section        0  lcd.o(i.LCD_Fast_DrawPoint)
    i.LCD_Init                               0x08002170   Section        0  lcd.o(i.LCD_Init)
    i.LCD_Pow                                0x08004b88   Section        0  lcd.o(i.LCD_Pow)
    i.LCD_RD_DATA                            0x08004b98   Section        0  lcd.o(i.LCD_RD_DATA)
    i.LCD_SSD_BackLightSet                   0x08004bac   Section        0  lcd.o(i.LCD_SSD_BackLightSet)
    i.LCD_Scan_Dir                           0x08004bf8   Section        0  lcd.o(i.LCD_Scan_Dir)
    i.LCD_SetCursor                          0x08004d7c   Section        0  lcd.o(i.LCD_SetCursor)
    i.LCD_ShowChar                           0x08004e70   Section        0  lcd.o(i.LCD_ShowChar)
    i.LCD_ShowNum                            0x08004f44   Section        0  lcd.o(i.LCD_ShowNum)
    i.LCD_ShowPicture                        0x08004fba   Section        0  lcd.o(i.LCD_ShowPicture)
    i.LCD_ShowString                         0x08004ff2   Section        0  lcd.o(i.LCD_ShowString)
    i.LCD_WR_DATA                            0x08005048   Section        0  lcd.o(i.LCD_WR_DATA)
    i.LCD_WR_REG                             0x08005060   Section        0  lcd.o(i.LCD_WR_REG)
    i.LCD_WriteRAM_Prepare                   0x08005078   Section        0  lcd.o(i.LCD_WriteRAM_Prepare)
    i.LCD_WriteReg                           0x0800508c   Section        0  lcd.o(i.LCD_WriteReg)
    i.MX_ADC2_Init                           0x0800509c   Section        0  adc.o(i.MX_ADC2_Init)
    i.MX_ADC3_Init                           0x080050ec   Section        0  adc.o(i.MX_ADC3_Init)
    i.MX_FSMC_Init                           0x0800513c   Section        0  fsmc.o(i.MX_FSMC_Init)
    i.MX_GPIO_Init                           0x080051d0   Section        0  gpio.o(i.MX_GPIO_Init)
    i.MX_TIM3_Init                           0x08005354   Section        0  tim.o(i.MX_TIM3_Init)
    i.MX_USART2_UART_Init                    0x080053d4   Section        0  usart.o(i.MX_USART2_UART_Init)
    i.MX_USART3_UART_Init                    0x0800540c   Section        0  usart.o(i.MX_USART3_UART_Init)
    i.Map_XY_To_PWM                          0x08005444   Section        0  main.o(i.Map_XY_To_PWM)
    i.MemManage_Handler                      0x0800545e   Section        0  stm32f1xx_it.o(i.MemManage_Handler)
    i.Mod1_run                               0x08005460   Section        0  main.o(i.Mod1_run)
    i.Mod2_run                               0x08005568   Section        0  main.o(i.Mod2_run)
    i.Mod3_run                               0x080055e4   Section        0  main.o(i.Mod3_run)
    i.NMI_Handler                            0x080056b8   Section        0  stm32f1xx_it.o(i.NMI_Handler)
    i.OLED_Clear                             0x080056ba   Section        0  oled.o(i.OLED_Clear)
    i.OLED_DelayUs                           0x080056e0   Section        0  oled.o(i.OLED_DelayUs)
    i.OLED_GPIO_Init                         0x08005700   Section        0  oled.o(i.OLED_GPIO_Init)
    i.OLED_I2C_SendByte                      0x08005760   Section        0  oled.o(i.OLED_I2C_SendByte)
    i.OLED_I2C_Start                         0x080057ec   Section        0  oled.o(i.OLED_I2C_Start)
    i.OLED_I2C_Stop                          0x08005830   Section        0  oled.o(i.OLED_I2C_Stop)
    i.OLED_Init                              0x0800587c   Section        0  oled.o(i.OLED_Init)
    i.OLED_Pow                               0x08005928   Section        0  oled.o(i.OLED_Pow)
    i.OLED_SetCursor                         0x08005936   Section        0  oled.o(i.OLED_SetCursor)
    i.OLED_ShowChar                          0x08005958   Section        0  oled.o(i.OLED_ShowChar)
    i.OLED_ShowNum                           0x080059c0   Section        0  oled.o(i.OLED_ShowNum)
    i.OLED_ShowString                        0x08005a02   Section        0  oled.o(i.OLED_ShowString)
    i.OLED_WriteCommand                      0x08005a28   Section        0  oled.o(i.OLED_WriteCommand)
    i.OLED_WriteData                         0x08005a4a   Section        0  oled.o(i.OLED_WriteData)
    i.PendSV_Handler                         0x08005a6c   Section        0  stm32f1xx_it.o(i.PendSV_Handler)
    i.SVC_Handler                            0x08005a6e   Section        0  stm32f1xx_it.o(i.SVC_Handler)
    i.SysTick_Handler                        0x08005a70   Section        0  stm32f1xx_it.o(i.SysTick_Handler)
    i.SystemClock_Config                     0x08005a74   Section        0  main.o(i.SystemClock_Config)
    i.SystemInit                             0x08005aee   Section        0  system_stm32f1xx.o(i.SystemInit)
    i.TIM_Base_SetConfig                     0x08005af0   Section        0  stm32f1xx_hal_tim.o(i.TIM_Base_SetConfig)
    i.TIM_CCxChannelCmd                      0x08005b8c   Section        0  stm32f1xx_hal_tim.o(i.TIM_CCxChannelCmd)
    i.TIM_OC1_SetConfig                      0x08005ba8   Section        0  stm32f1xx_hal_tim.o(i.TIM_OC1_SetConfig)
    TIM_OC1_SetConfig                        0x08005ba9   Thumb Code    88  stm32f1xx_hal_tim.o(i.TIM_OC1_SetConfig)
    i.TIM_OC2_SetConfig                      0x08005c08   Section        0  stm32f1xx_hal_tim.o(i.TIM_OC2_SetConfig)
    i.TIM_OC3_SetConfig                      0x08005c74   Section        0  stm32f1xx_hal_tim.o(i.TIM_OC3_SetConfig)
    TIM_OC3_SetConfig                        0x08005c75   Thumb Code    96  stm32f1xx_hal_tim.o(i.TIM_OC3_SetConfig)
    i.TIM_OC4_SetConfig                      0x08005cdc   Section        0  stm32f1xx_hal_tim.o(i.TIM_OC4_SetConfig)
    TIM_OC4_SetConfig                        0x08005cdd   Thumb Code    70  stm32f1xx_hal_tim.o(i.TIM_OC4_SetConfig)
    i.UART_DMAAbortOnError                   0x08005d2c   Section        0  stm32f1xx_hal_uart.o(i.UART_DMAAbortOnError)
    UART_DMAAbortOnError                     0x08005d2d   Thumb Code    16  stm32f1xx_hal_uart.o(i.UART_DMAAbortOnError)
    i.UART_EndRxTransfer                     0x08005d3c   Section        0  stm32f1xx_hal_uart.o(i.UART_EndRxTransfer)
    UART_EndRxTransfer                       0x08005d3d   Thumb Code    78  stm32f1xx_hal_uart.o(i.UART_EndRxTransfer)
    i.UART_Receive_IT                        0x08005d8a   Section        0  stm32f1xx_hal_uart.o(i.UART_Receive_IT)
    UART_Receive_IT                          0x08005d8b   Thumb Code   194  stm32f1xx_hal_uart.o(i.UART_Receive_IT)
    i.UART_SetConfig                         0x08005e4c   Section        0  stm32f1xx_hal_uart.o(i.UART_SetConfig)
    UART_SetConfig                           0x08005e4d   Thumb Code   178  stm32f1xx_hal_uart.o(i.UART_SetConfig)
    i.UART_Start_Receive_IT                  0x08005f04   Section        0  stm32f1xx_hal_uart.o(i.UART_Start_Receive_IT)
    i.USART2_IRQHandler                      0x08005f3c   Section        0  stm32f1xx_it.o(i.USART2_IRQHandler)
    i.USART3_IRQHandler                      0x08005f48   Section        0  stm32f1xx_it.o(i.USART3_IRQHandler)
    i.UsageFault_Handler                     0x08005f54   Section        0  stm32f1xx_it.o(i.UsageFault_Handler)
    i.X_get_adc                              0x08005f58   Section        0  main.o(i.X_get_adc)
    i.Y_get_adc                              0x08005f88   Section        0  main.o(i.Y_get_adc)
    i.__NVIC_SetPriority                     0x08005fb8   Section        0  stm32f1xx_hal_cortex.o(i.__NVIC_SetPriority)
    __NVIC_SetPriority                       0x08005fb9   Thumb Code    32  stm32f1xx_hal_cortex.o(i.__NVIC_SetPriority)
    i.main                                   0x08005fd8   Section        0  main.o(i.main)
    x$fpl$dfixu                              0x0800615c   Section       90  dfixu.o(x$fpl$dfixu)
    x$fpl$dfltu                              0x080061b6   Section       38  dflt_clz.o(x$fpl$dfltu)
    x$fpl$dmul                               0x080061dc   Section      340  dmul.o(x$fpl$dmul)
    x$fpl$dnaninf                            0x08006330   Section      156  dnaninf.o(x$fpl$dnaninf)
    x$fpl$dretinf                            0x080063cc   Section       12  dretinf.o(x$fpl$dretinf)
    x$fpl$fadd                               0x080063d8   Section      196  faddsub_clz.o(x$fpl$fadd)
    _fadd1                                   0x080063e7   Thumb Code     0  faddsub_clz.o(x$fpl$fadd)
    x$fpl$fdiv                               0x0800649c   Section      388  fdiv.o(x$fpl$fdiv)
    _fdiv1                                   0x0800649d   Thumb Code     0  fdiv.o(x$fpl$fdiv)
    x$fpl$ffixu                              0x08006620   Section       62  ffixu.o(x$fpl$ffixu)
    x$fpl$fflt                               0x08006660   Section       48  fflt_clz.o(x$fpl$fflt)
    x$fpl$ffltu                              0x08006690   Section       38  fflt_clz.o(x$fpl$ffltu)
    x$fpl$fmul                               0x080066b8   Section      258  fmul.o(x$fpl$fmul)
    x$fpl$fnaninf                            0x080067ba   Section      140  fnaninf.o(x$fpl$fnaninf)
    x$fpl$fretinf                            0x08006846   Section       10  fretinf.o(x$fpl$fretinf)
    x$fpl$fsub                               0x08006850   Section      234  faddsub_clz.o(x$fpl$fsub)
    _fsub1                                   0x0800685f   Thumb Code     0  faddsub_clz.o(x$fpl$fsub)
    .constdata                               0x0800693a   Section    460808  main.o(.constdata)
    x$fpl$usenofp                            0x0800693a   Section        0  usenofp.o(x$fpl$usenofp)
    .constdata                               0x08077142   Section     6080  lcd.o(.constdata)
    .constdata                               0x08078902   Section     1520  oled.o(.constdata)
    .constdata                               0x08078ef2   Section       18  stm32f1xx_hal_rcc.o(.constdata)
    aPredivFactorTable                       0x08078ef2   Data           2  stm32f1xx_hal_rcc.o(.constdata)
    aPLLMULFactorTable                       0x08078ef4   Data          16  stm32f1xx_hal_rcc.o(.constdata)
    .constdata                               0x08078f04   Section       18  stm32f1xx_hal_rcc_ex.o(.constdata)
    aPredivFactorTable                       0x08078f04   Data           2  stm32f1xx_hal_rcc_ex.o(.constdata)
    aPLLMULFactorTable                       0x08078f06   Data          16  stm32f1xx_hal_rcc_ex.o(.constdata)
    .constdata                               0x08078f16   Section       16  system_stm32f1xx.o(.constdata)
    .constdata                               0x08078f26   Section        8  system_stm32f1xx.o(.constdata)
    .data                                    0x20000000   Section       88  main.o(.data)
    .data                                    0x20000058   Section        8  fsmc.o(.data)
    FSMC_Initialized                         0x20000058   Data           4  fsmc.o(.data)
    FSMC_DeInitialized                       0x2000005c   Data           4  fsmc.o(.data)
    .data                                    0x20000060   Section        8  lcd.o(.data)
    .data                                    0x20000068   Section       12  stm32f1xx_hal.o(.data)
    .data                                    0x20000074   Section        4  system_stm32f1xx.o(.data)
    .bss                                     0x20000078   Section       96  adc.o(.bss)
    .bss                                     0x200000d8   Section       72  fsmc.o(.bss)
    .bss                                     0x20000120   Section       72  tim.o(.bss)
    .bss                                     0x20000168   Section      144  usart.o(.bss)
    .bss                                     0x200001f8   Section       14  lcd.o(.bss)
    .bss                                     0x20000208   Section       96  libspace.o(.bss)
    HEAP                                     0x20000268   Section      512  startup_stm32f103xe.o(HEAP)
    Heap_Mem                                 0x20000268   Data         512  startup_stm32f103xe.o(HEAP)
    STACK                                    0x20000468   Section     1024  startup_stm32f103xe.o(STACK)
    Stack_Mem                                0x20000468   Data        1024  startup_stm32f103xe.o(STACK)
    __initial_sp                             0x20000868   Data           0  startup_stm32f103xe.o(STACK)

    Global Symbols

    Symbol Name                              Value     Ov Type        Size  Object(Section)

    BuildAttributes$$THM_ISAv4$P$D$K$B$S$PE$A:L22UL41UL21$X:L11$S22US41US21$IEEE1$IW$USESV6$~STKCKD$USESV7$~SHL$OSPACE$ROPI$EBA8$UX$STANDARDLIB$REQ8$PRES8$EABIv2 0x00000000   Number         0  anon$$obj.o ABSOLUTE
    __ARM_use_no_argv                        0x00000000   Number         0  main.o ABSOLUTE
    __ARM_exceptions_init                     - Undefined Weak Reference
    __alloca_initialize                       - Undefined Weak Reference
    __arm_fini_                               - Undefined Weak Reference
    __arm_preinit_                            - Undefined Weak Reference
    __cpp_initialize__aeabi_                  - Undefined Weak Reference
    __cxa_finalize                            - Undefined Weak Reference
    __rt_locale                               - Undefined Weak Reference
    __sigvec_lookup                           - Undefined Weak Reference
    _atexit_init                              - Undefined Weak Reference
    _call_atexit_fns                          - Undefined Weak Reference
    _clock_init                               - Undefined Weak Reference
    _fp_trap_init                             - Undefined Weak Reference
    _fp_trap_shutdown                         - Undefined Weak Reference
    _get_lc_collate                           - Undefined Weak Reference
    _get_lc_ctype                             - Undefined Weak Reference
    _get_lc_monetary                          - Undefined Weak Reference
    _get_lc_numeric                           - Undefined Weak Reference
    _get_lc_time                              - Undefined Weak Reference
    _getenv_init                              - Undefined Weak Reference
    _handle_redirection                       - Undefined Weak Reference
    _init_alloc                               - Undefined Weak Reference
    _init_user_alloc                          - Undefined Weak Reference
    _initio                                   - Undefined Weak Reference
    _rand_init                                - Undefined Weak Reference
    _signal_finish                            - Undefined Weak Reference
    _signal_init                              - Undefined Weak Reference
    _terminate_alloc                          - Undefined Weak Reference
    _terminate_user_alloc                     - Undefined Weak Reference
    _terminateio                              - Undefined Weak Reference
    __Vectors_Size                           0x00000130   Number         0  startup_stm32f103xe.o ABSOLUTE
    __Vectors                                0x08000000   Data           4  startup_stm32f103xe.o(RESET)
    __Vectors_End                            0x08000130   Data           0  startup_stm32f103xe.o(RESET)
    __main                                   0x08000131   Thumb Code     8  __main.o(!!!main)
    __scatterload                            0x08000139   Thumb Code     0  __scatter.o(!!!scatter)
    __scatterload_rt2                        0x08000139   Thumb Code    44  __scatter.o(!!!scatter)
    __scatterload_rt2_thumb_only             0x08000139   Thumb Code     0  __scatter.o(!!!scatter)
    __scatterload_null                       0x08000147   Thumb Code     0  __scatter.o(!!!scatter)
    __scatterload_copy                       0x0800016d   Thumb Code    26  __scatter_copy.o(!!handler_copy)
    __scatterload_zeroinit                   0x08000189   Thumb Code    28  __scatter_zi.o(!!handler_zi)
    __rt_lib_init                            0x080001a5   Thumb Code     0  libinit.o(.ARM.Collect$$libinit$$00000000)
    __rt_lib_init_alloca_1                   0x080001a7   Thumb Code     0  libinit2.o(.ARM.Collect$$libinit$$0000002E)
    __rt_lib_init_argv_1                     0x080001a7   Thumb Code     0  libinit2.o(.ARM.Collect$$libinit$$0000002C)
    __rt_lib_init_atexit_1                   0x080001a7   Thumb Code     0  libinit2.o(.ARM.Collect$$libinit$$0000001B)
    __rt_lib_init_clock_1                    0x080001a7   Thumb Code     0  libinit2.o(.ARM.Collect$$libinit$$00000021)
    __rt_lib_init_cpp_1                      0x080001a7   Thumb Code     0  libinit2.o(.ARM.Collect$$libinit$$00000032)
    __rt_lib_init_exceptions_1               0x080001a7   Thumb Code     0  libinit2.o(.ARM.Collect$$libinit$$00000030)
    __rt_lib_init_fp_1                       0x080001a7   Thumb Code     0  libinit2.o(.ARM.Collect$$libinit$$00000002)
    __rt_lib_init_fp_trap_1                  0x080001a7   Thumb Code     0  libinit2.o(.ARM.Collect$$libinit$$0000001F)
    __rt_lib_init_getenv_1                   0x080001a7   Thumb Code     0  libinit2.o(.ARM.Collect$$libinit$$00000023)
    __rt_lib_init_heap_1                     0x080001a7   Thumb Code     0  libinit2.o(.ARM.Collect$$libinit$$0000000A)
    __rt_lib_init_lc_collate_1               0x080001a7   Thumb Code     0  libinit2.o(.ARM.Collect$$libinit$$00000011)
    __rt_lib_init_lc_ctype_1                 0x080001a7   Thumb Code     0  libinit2.o(.ARM.Collect$$libinit$$00000013)
    __rt_lib_init_lc_monetary_1              0x080001a7   Thumb Code     0  libinit2.o(.ARM.Collect$$libinit$$00000015)
    __rt_lib_init_lc_numeric_1               0x080001a7   Thumb Code     0  libinit2.o(.ARM.Collect$$libinit$$00000017)
    __rt_lib_init_lc_time_1                  0x080001a7   Thumb Code     0  libinit2.o(.ARM.Collect$$libinit$$00000019)
    __rt_lib_init_preinit_1                  0x080001a7   Thumb Code     0  libinit2.o(.ARM.Collect$$libinit$$00000004)
    __rt_lib_init_rand_1                     0x080001a7   Thumb Code     0  libinit2.o(.ARM.Collect$$libinit$$0000000E)
    __rt_lib_init_return                     0x080001a7   Thumb Code     0  libinit2.o(.ARM.Collect$$libinit$$00000033)
    __rt_lib_init_signal_1                   0x080001a7   Thumb Code     0  libinit2.o(.ARM.Collect$$libinit$$0000001D)
    __rt_lib_init_stdio_1                    0x080001a7   Thumb Code     0  libinit2.o(.ARM.Collect$$libinit$$00000025)
    __rt_lib_init_user_alloc_1               0x080001a7   Thumb Code     0  libinit2.o(.ARM.Collect$$libinit$$0000000C)
    __rt_lib_shutdown                        0x080001a9   Thumb Code     0  libshutdown.o(.ARM.Collect$$libshutdown$$00000000)
    __rt_lib_shutdown_cpp_1                  0x080001ab   Thumb Code     0  libshutdown2.o(.ARM.Collect$$libshutdown$$00000004)
    __rt_lib_shutdown_fini_1                 0x080001ab   Thumb Code     0  libshutdown2.o(.ARM.Collect$$libshutdown$$00000002)
    __rt_lib_shutdown_fp_trap_1              0x080001ab   Thumb Code     0  libshutdown2.o(.ARM.Collect$$libshutdown$$00000009)
    __rt_lib_shutdown_heap_1                 0x080001ab   Thumb Code     0  libshutdown2.o(.ARM.Collect$$libshutdown$$00000011)
    __rt_lib_shutdown_return                 0x080001ab   Thumb Code     0  libshutdown2.o(.ARM.Collect$$libshutdown$$00000012)
    __rt_lib_shutdown_signal_1               0x080001ab   Thumb Code     0  libshutdown2.o(.ARM.Collect$$libshutdown$$0000000C)
    __rt_lib_shutdown_stdio_1                0x080001ab   Thumb Code     0  libshutdown2.o(.ARM.Collect$$libshutdown$$00000006)
    __rt_lib_shutdown_user_alloc_1           0x080001ab   Thumb Code     0  libshutdown2.o(.ARM.Collect$$libshutdown$$0000000E)
    __rt_entry                               0x080001ad   Thumb Code     0  __rtentry.o(.ARM.Collect$$rtentry$$00000000)
    __rt_entry_presh_1                       0x080001ad   Thumb Code     0  __rtentry2.o(.ARM.Collect$$rtentry$$00000002)
    __rt_entry_sh                            0x080001ad   Thumb Code     0  __rtentry4.o(.ARM.Collect$$rtentry$$00000004)
    __rt_entry_li                            0x080001b3   Thumb Code     0  __rtentry2.o(.ARM.Collect$$rtentry$$0000000A)
    __rt_entry_postsh_1                      0x080001b3   Thumb Code     0  __rtentry2.o(.ARM.Collect$$rtentry$$00000009)
    __rt_entry_main                          0x080001b7   Thumb Code     0  __rtentry2.o(.ARM.Collect$$rtentry$$0000000D)
    __rt_entry_postli_1                      0x080001b7   Thumb Code     0  __rtentry2.o(.ARM.Collect$$rtentry$$0000000C)
    __rt_exit                                0x080001bf   Thumb Code     0  rtexit.o(.ARM.Collect$$rtexit$$00000000)
    __rt_exit_ls                             0x080001c1   Thumb Code     0  rtexit2.o(.ARM.Collect$$rtexit$$00000003)
    __rt_exit_prels_1                        0x080001c1   Thumb Code     0  rtexit2.o(.ARM.Collect$$rtexit$$00000002)
    __rt_exit_exit                           0x080001c5   Thumb Code     0  rtexit2.o(.ARM.Collect$$rtexit$$00000004)
    Reset_Handler                            0x080001cd   Thumb Code     8  startup_stm32f103xe.o(.text)
    ADC1_2_IRQHandler                        0x080001e7   Thumb Code     0  startup_stm32f103xe.o(.text)
    ADC3_IRQHandler                          0x080001e7   Thumb Code     0  startup_stm32f103xe.o(.text)
    CAN1_RX1_IRQHandler                      0x080001e7   Thumb Code     0  startup_stm32f103xe.o(.text)
    CAN1_SCE_IRQHandler                      0x080001e7   Thumb Code     0  startup_stm32f103xe.o(.text)
    DMA1_Channel1_IRQHandler                 0x080001e7   Thumb Code     0  startup_stm32f103xe.o(.text)
    DMA1_Channel2_IRQHandler                 0x080001e7   Thumb Code     0  startup_stm32f103xe.o(.text)
    DMA1_Channel3_IRQHandler                 0x080001e7   Thumb Code     0  startup_stm32f103xe.o(.text)
    DMA1_Channel4_IRQHandler                 0x080001e7   Thumb Code     0  startup_stm32f103xe.o(.text)
    DMA1_Channel5_IRQHandler                 0x080001e7   Thumb Code     0  startup_stm32f103xe.o(.text)
    DMA1_Channel6_IRQHandler                 0x080001e7   Thumb Code     0  startup_stm32f103xe.o(.text)
    DMA1_Channel7_IRQHandler                 0x080001e7   Thumb Code     0  startup_stm32f103xe.o(.text)
    DMA2_Channel1_IRQHandler                 0x080001e7   Thumb Code     0  startup_stm32f103xe.o(.text)
    DMA2_Channel2_IRQHandler                 0x080001e7   Thumb Code     0  startup_stm32f103xe.o(.text)
    DMA2_Channel3_IRQHandler                 0x080001e7   Thumb Code     0  startup_stm32f103xe.o(.text)
    DMA2_Channel4_5_IRQHandler               0x080001e7   Thumb Code     0  startup_stm32f103xe.o(.text)
    EXTI0_IRQHandler                         0x080001e7   Thumb Code     0  startup_stm32f103xe.o(.text)
    EXTI15_10_IRQHandler                     0x080001e7   Thumb Code     0  startup_stm32f103xe.o(.text)
    EXTI2_IRQHandler                         0x080001e7   Thumb Code     0  startup_stm32f103xe.o(.text)
    EXTI3_IRQHandler                         0x080001e7   Thumb Code     0  startup_stm32f103xe.o(.text)
    EXTI4_IRQHandler                         0x080001e7   Thumb Code     0  startup_stm32f103xe.o(.text)
    EXTI9_5_IRQHandler                       0x080001e7   Thumb Code     0  startup_stm32f103xe.o(.text)
    FLASH_IRQHandler                         0x080001e7   Thumb Code     0  startup_stm32f103xe.o(.text)
    FSMC_IRQHandler                          0x080001e7   Thumb Code     0  startup_stm32f103xe.o(.text)
    I2C1_ER_IRQHandler                       0x080001e7   Thumb Code     0  startup_stm32f103xe.o(.text)
    I2C1_EV_IRQHandler                       0x080001e7   Thumb Code     0  startup_stm32f103xe.o(.text)
    I2C2_ER_IRQHandler                       0x080001e7   Thumb Code     0  startup_stm32f103xe.o(.text)
    I2C2_EV_IRQHandler                       0x080001e7   Thumb Code     0  startup_stm32f103xe.o(.text)
    PVD_IRQHandler                           0x080001e7   Thumb Code     0  startup_stm32f103xe.o(.text)
    RCC_IRQHandler                           0x080001e7   Thumb Code     0  startup_stm32f103xe.o(.text)
    RTC_Alarm_IRQHandler                     0x080001e7   Thumb Code     0  startup_stm32f103xe.o(.text)
    RTC_IRQHandler                           0x080001e7   Thumb Code     0  startup_stm32f103xe.o(.text)
    SDIO_IRQHandler                          0x080001e7   Thumb Code     0  startup_stm32f103xe.o(.text)
    SPI1_IRQHandler                          0x080001e7   Thumb Code     0  startup_stm32f103xe.o(.text)
    SPI2_IRQHandler                          0x080001e7   Thumb Code     0  startup_stm32f103xe.o(.text)
    SPI3_IRQHandler                          0x080001e7   Thumb Code     0  startup_stm32f103xe.o(.text)
    TAMPER_IRQHandler                        0x080001e7   Thumb Code     0  startup_stm32f103xe.o(.text)
    TIM1_BRK_IRQHandler                      0x080001e7   Thumb Code     0  startup_stm32f103xe.o(.text)
    TIM1_CC_IRQHandler                       0x080001e7   Thumb Code     0  startup_stm32f103xe.o(.text)
    TIM1_TRG_COM_IRQHandler                  0x080001e7   Thumb Code     0  startup_stm32f103xe.o(.text)
    TIM1_UP_IRQHandler                       0x080001e7   Thumb Code     0  startup_stm32f103xe.o(.text)
    TIM2_IRQHandler                          0x080001e7   Thumb Code     0  startup_stm32f103xe.o(.text)
    TIM3_IRQHandler                          0x080001e7   Thumb Code     0  startup_stm32f103xe.o(.text)
    TIM4_IRQHandler                          0x080001e7   Thumb Code     0  startup_stm32f103xe.o(.text)
    TIM5_IRQHandler                          0x080001e7   Thumb Code     0  startup_stm32f103xe.o(.text)
    TIM6_IRQHandler                          0x080001e7   Thumb Code     0  startup_stm32f103xe.o(.text)
    TIM7_IRQHandler                          0x080001e7   Thumb Code     0  startup_stm32f103xe.o(.text)
    TIM8_BRK_IRQHandler                      0x080001e7   Thumb Code     0  startup_stm32f103xe.o(.text)
    TIM8_CC_IRQHandler                       0x080001e7   Thumb Code     0  startup_stm32f103xe.o(.text)
    TIM8_TRG_COM_IRQHandler                  0x080001e7   Thumb Code     0  startup_stm32f103xe.o(.text)
    TIM8_UP_IRQHandler                       0x080001e7   Thumb Code     0  startup_stm32f103xe.o(.text)
    UART4_IRQHandler                         0x080001e7   Thumb Code     0  startup_stm32f103xe.o(.text)
    UART5_IRQHandler                         0x080001e7   Thumb Code     0  startup_stm32f103xe.o(.text)
    USART1_IRQHandler                        0x080001e7   Thumb Code     0  startup_stm32f103xe.o(.text)
    USBWakeUp_IRQHandler                     0x080001e7   Thumb Code     0  startup_stm32f103xe.o(.text)
    USB_HP_CAN1_TX_IRQHandler                0x080001e7   Thumb Code     0  startup_stm32f103xe.o(.text)
    USB_LP_CAN1_RX0_IRQHandler               0x080001e7   Thumb Code     0  startup_stm32f103xe.o(.text)
    WWDG_IRQHandler                          0x080001e7   Thumb Code     0  startup_stm32f103xe.o(.text)
    __user_initial_stackheap                 0x080001e9   Thumb Code     0  startup_stm32f103xe.o(.text)
    __aeabi_memclr4                          0x0800020d   Thumb Code     0  rt_memclr_w.o(.text)
    __aeabi_memclr8                          0x0800020d   Thumb Code     0  rt_memclr_w.o(.text)
    __rt_memclr_w                            0x0800020d   Thumb Code    78  rt_memclr_w.o(.text)
    _memset_w                                0x08000211   Thumb Code     0  rt_memclr_w.o(.text)
    __use_two_region_memory                  0x0800025b   Thumb Code     2  heapauxi.o(.text)
    __rt_heap_escrow$2region                 0x0800025d   Thumb Code     2  heapauxi.o(.text)
    __rt_heap_expand$2region                 0x0800025f   Thumb Code     2  heapauxi.o(.text)
    __user_setup_stackheap                   0x08000261   Thumb Code    74  sys_stackheap_outer.o(.text)
    exit                                     0x080002ab   Thumb Code    18  exit.o(.text)
    __user_libspace                          0x080002bd   Thumb Code     8  libspace.o(.text)
    __user_perproc_libspace                  0x080002bd   Thumb Code     0  libspace.o(.text)
    __user_perthread_libspace                0x080002bd   Thumb Code     0  libspace.o(.text)
    _sys_exit                                0x080002c5   Thumb Code     8  sys_exit.o(.text)
    __I$use$semihosting                      0x080002d1   Thumb Code     0  use_no_semi.o(.text)
    __use_no_semihosting_swi                 0x080002d1   Thumb Code     2  use_no_semi.o(.text)
    __semihosting_library_function           0x080002d3   Thumb Code     0  indicate_semi.o(.text)
    ADC_ConversionStop_Disable               0x080002d5   Thumb Code    86  stm32f1xx_hal_adc.o(i.ADC_ConversionStop_Disable)
    ADC_Enable                               0x0800032d   Thumb Code   114  stm32f1xx_hal_adc.o(i.ADC_Enable)
    BusFault_Handler                         0x080003a9   Thumb Code     2  stm32f1xx_it.o(i.BusFault_Handler)
    DebugMon_Handler                         0x080003ab   Thumb Code     2  stm32f1xx_it.o(i.DebugMon_Handler)
    Dir_PWM                                  0x080003ad   Thumb Code   180  mode3.o(i.Dir_PWM)
    EXTI1_IRQHandler                         0x08000461   Thumb Code     6  stm32f1xx_it.o(i.EXTI1_IRQHandler)
    Error_Handler                            0x08000467   Thumb Code     4  main.o(i.Error_Handler)
    FSMC_NORSRAM_Extended_Timing_Init        0x0800046d   Thumb Code    56  stm32f1xx_ll_fsmc.o(i.FSMC_NORSRAM_Extended_Timing_Init)
    FSMC_NORSRAM_Init                        0x080004a9   Thumb Code    98  stm32f1xx_ll_fsmc.o(i.FSMC_NORSRAM_Init)
    FSMC_NORSRAM_Timing_Init                 0x08000511   Thumb Code    56  stm32f1xx_ll_fsmc.o(i.FSMC_NORSRAM_Timing_Init)
    HAL_ADC_ConfigChannel                    0x0800054d   Thumb Code   240  stm32f1xx_hal_adc.o(i.HAL_ADC_ConfigChannel)
    HAL_ADC_GetState                         0x08000649   Thumb Code     4  stm32f1xx_hal_adc.o(i.HAL_ADC_GetState)
    HAL_ADC_GetValue                         0x0800064d   Thumb Code     6  stm32f1xx_hal_adc.o(i.HAL_ADC_GetValue)
    HAL_ADC_Init                             0x08000655   Thumb Code   272  stm32f1xx_hal_adc.o(i.HAL_ADC_Init)
    HAL_ADC_MspInit                          0x08000775   Thumb Code   118  adc.o(i.HAL_ADC_MspInit)
    HAL_ADC_PollForConversion                0x080007fd   Thumb Code   304  stm32f1xx_hal_adc.o(i.HAL_ADC_PollForConversion)
    HAL_ADC_Start                            0x08000939   Thumb Code   184  stm32f1xx_hal_adc.o(i.HAL_ADC_Start)
    HAL_DMA_Abort                            0x080009f9   Thumb Code    70  stm32f1xx_hal_dma.o(i.HAL_DMA_Abort)
    HAL_DMA_Abort_IT                         0x08000a41   Thumb Code   296  stm32f1xx_hal_dma.o(i.HAL_DMA_Abort_IT)
    HAL_Delay                                0x08000b71   Thumb Code    32  stm32f1xx_hal.o(i.HAL_Delay)
    HAL_GPIO_EXTI_Callback                   0x08000c15   Thumb Code   212  main.o(i.HAL_GPIO_EXTI_Callback)
    HAL_GPIO_EXTI_IRQHandler                 0x08000d1d   Thumb Code    18  stm32f1xx_hal_gpio.o(i.HAL_GPIO_EXTI_IRQHandler)
    HAL_GPIO_Init                            0x08000d35   Thumb Code   462  stm32f1xx_hal_gpio.o(i.HAL_GPIO_Init)
    HAL_GPIO_WritePin                        0x08000f2d   Thumb Code    10  stm32f1xx_hal_gpio.o(i.HAL_GPIO_WritePin)
    HAL_GetTick                              0x08000f39   Thumb Code     6  stm32f1xx_hal.o(i.HAL_GetTick)
    HAL_IncTick                              0x08000f45   Thumb Code    12  stm32f1xx_hal.o(i.HAL_IncTick)
    HAL_Init                                 0x08000f55   Thumb Code    32  stm32f1xx_hal.o(i.HAL_Init)
    HAL_InitTick                             0x08000f79   Thumb Code    54  stm32f1xx_hal.o(i.HAL_InitTick)
    HAL_MspInit                              0x08000fb9   Thumb Code    52  stm32f1xx_hal_msp.o(i.HAL_MspInit)
    HAL_NVIC_EnableIRQ                       0x08000ff5   Thumb Code    26  stm32f1xx_hal_cortex.o(i.HAL_NVIC_EnableIRQ)
    HAL_NVIC_SetPriority                     0x08001011   Thumb Code    60  stm32f1xx_hal_cortex.o(i.HAL_NVIC_SetPriority)
    HAL_NVIC_SetPriorityGrouping             0x08001051   Thumb Code    26  stm32f1xx_hal_cortex.o(i.HAL_NVIC_SetPriorityGrouping)
    HAL_RCCEx_GetPeriphCLKFreq               0x08001075   Thumb Code   166  stm32f1xx_hal_rcc_ex.o(i.HAL_RCCEx_GetPeriphCLKFreq)
    HAL_RCCEx_PeriphCLKConfig                0x0800112d   Thumb Code   224  stm32f1xx_hal_rcc_ex.o(i.HAL_RCCEx_PeriphCLKConfig)
    HAL_RCC_ClockConfig                      0x08001219   Thumb Code   280  stm32f1xx_hal_rcc.o(i.HAL_RCC_ClockConfig)
    HAL_RCC_GetPCLK1Freq                     0x08001345   Thumb Code    20  stm32f1xx_hal_rcc.o(i.HAL_RCC_GetPCLK1Freq)
    HAL_RCC_GetPCLK2Freq                     0x08001365   Thumb Code    20  stm32f1xx_hal_rcc.o(i.HAL_RCC_GetPCLK2Freq)
    HAL_RCC_GetSysClockFreq                  0x08001385   Thumb Code    58  stm32f1xx_hal_rcc.o(i.HAL_RCC_GetSysClockFreq)
    HAL_RCC_OscConfig                        0x080013d1   Thumb Code   778  stm32f1xx_hal_rcc.o(i.HAL_RCC_OscConfig)
    HAL_SRAM_Init                            0x080016f1   Thumb Code   100  stm32f1xx_hal_sram.o(i.HAL_SRAM_Init)
    HAL_SRAM_MspInit                         0x08001755   Thumb Code     4  fsmc.o(i.HAL_SRAM_MspInit)
    HAL_SYSTICK_Config                       0x08001759   Thumb Code    40  stm32f1xx_hal_cortex.o(i.HAL_SYSTICK_Config)
    HAL_TIMEx_MasterConfigSynchronization    0x08001781   Thumb Code   104  stm32f1xx_hal_tim_ex.o(i.HAL_TIMEx_MasterConfigSynchronization)
    HAL_TIM_MspPostInit                      0x080017fd   Thumb Code    62  tim.o(i.HAL_TIM_MspPostInit)
    HAL_TIM_PWM_ConfigChannel                0x08001849   Thumb Code   204  stm32f1xx_hal_tim.o(i.HAL_TIM_PWM_ConfigChannel)
    HAL_TIM_PWM_Init                         0x08001915   Thumb Code    90  stm32f1xx_hal_tim.o(i.HAL_TIM_PWM_Init)
    HAL_TIM_PWM_MspInit                      0x08001971   Thumb Code    30  tim.o(i.HAL_TIM_PWM_MspInit)
    HAL_TIM_PWM_Start                        0x08001999   Thumb Code   160  stm32f1xx_hal_tim.o(i.HAL_TIM_PWM_Start)
    HAL_UARTEx_RxEventCallback               0x08001a4d   Thumb Code     2  stm32f1xx_hal_uart.o(i.HAL_UARTEx_RxEventCallback)
    HAL_UART_ErrorCallback                   0x08001a4f   Thumb Code     2  stm32f1xx_hal_uart.o(i.HAL_UART_ErrorCallback)
    HAL_UART_IRQHandler                      0x08001a51   Thumb Code   616  stm32f1xx_hal_uart.o(i.HAL_UART_IRQHandler)
    HAL_UART_Init                            0x08001cbd   Thumb Code   100  stm32f1xx_hal_uart.o(i.HAL_UART_Init)
    HAL_UART_MspInit                         0x08001d21   Thumb Code   200  usart.o(i.HAL_UART_MspInit)
    HAL_UART_Receive_IT                      0x08001dfd   Thumb Code    28  stm32f1xx_hal_uart.o(i.HAL_UART_Receive_IT)
    HAL_UART_RxCpltCallback                  0x08001e19   Thumb Code   228  main.o(i.HAL_UART_RxCpltCallback)
    HAL_UART_TxCpltCallback                  0x08001f11   Thumb Code     2  stm32f1xx_hal_uart.o(i.HAL_UART_TxCpltCallback)
    HardFault_Handler                        0x08001f13   Thumb Code     2  stm32f1xx_it.o(i.HardFault_Handler)
    Incremental_PID                          0x08001f15   Thumb Code   102  main.o(i.Incremental_PID)
    LCD_Clear                                0x08001f85   Thumb Code    40  lcd.o(i.LCD_Clear)
    LCD_Display_Dir                          0x08001fb5   Thumb Code   230  lcd.o(i.LCD_Display_Dir)
    LCD_Fast_DrawPoint                       0x080020a1   Thumb Code   200  lcd.o(i.LCD_Fast_DrawPoint)
    LCD_Init                                 0x08002171   Thumb Code 10770  lcd.o(i.LCD_Init)
    LCD_Pow                                  0x08004b89   Thumb Code    16  lcd.o(i.LCD_Pow)
    LCD_RD_DATA                              0x08004b99   Thumb Code    16  lcd.o(i.LCD_RD_DATA)
    LCD_SSD_BackLightSet                     0x08004bad   Thumb Code    70  lcd.o(i.LCD_SSD_BackLightSet)
    LCD_Scan_Dir                             0x08004bf9   Thumb Code   384  lcd.o(i.LCD_Scan_Dir)
    LCD_SetCursor                            0x08004d7d   Thumb Code   238  lcd.o(i.LCD_SetCursor)
    LCD_ShowChar                             0x08004e71   Thumb Code   192  lcd.o(i.LCD_ShowChar)
    LCD_ShowNum                              0x08004f45   Thumb Code   118  lcd.o(i.LCD_ShowNum)
    LCD_ShowPicture                          0x08004fbb   Thumb Code    56  lcd.o(i.LCD_ShowPicture)
    LCD_ShowString                           0x08004ff3   Thumb Code    84  lcd.o(i.LCD_ShowString)
    LCD_WR_DATA                              0x08005049   Thumb Code    20  lcd.o(i.LCD_WR_DATA)
    LCD_WR_REG                               0x08005061   Thumb Code    20  lcd.o(i.LCD_WR_REG)
    LCD_WriteRAM_Prepare                     0x08005079   Thumb Code    10  lcd.o(i.LCD_WriteRAM_Prepare)
    LCD_WriteReg                             0x0800508d   Thumb Code    10  lcd.o(i.LCD_WriteReg)
    MX_ADC2_Init                             0x0800509d   Thumb Code    70  adc.o(i.MX_ADC2_Init)
    MX_ADC3_Init                             0x080050ed   Thumb Code    70  adc.o(i.MX_ADC3_Init)
    MX_FSMC_Init                             0x0800513d   Thumb Code   134  fsmc.o(i.MX_FSMC_Init)
    MX_GPIO_Init                             0x080051d1   Thumb Code   360  gpio.o(i.MX_GPIO_Init)
    MX_TIM3_Init                             0x08005355   Thumb Code   120  tim.o(i.MX_TIM3_Init)
    MX_USART2_UART_Init                      0x080053d5   Thumb Code    48  usart.o(i.MX_USART2_UART_Init)
    MX_USART3_UART_Init                      0x0800540d   Thumb Code    48  usart.o(i.MX_USART3_UART_Init)
    Map_XY_To_PWM                            0x08005445   Thumb Code    26  main.o(i.Map_XY_To_PWM)
    MemManage_Handler                        0x0800545f   Thumb Code     2  stm32f1xx_it.o(i.MemManage_Handler)
    Mod1_run                                 0x08005461   Thumb Code   228  main.o(i.Mod1_run)
    Mod2_run                                 0x08005569   Thumb Code   110  main.o(i.Mod2_run)
    Mod3_run                                 0x080055e5   Thumb Code   198  main.o(i.Mod3_run)
    NMI_Handler                              0x080056b9   Thumb Code     2  stm32f1xx_it.o(i.NMI_Handler)
    OLED_Clear                               0x080056bb   Thumb Code    38  oled.o(i.OLED_Clear)
    OLED_DelayUs                             0x080056e1   Thumb Code    22  oled.o(i.OLED_DelayUs)
    OLED_GPIO_Init                           0x08005701   Thumb Code    86  oled.o(i.OLED_GPIO_Init)
    OLED_I2C_SendByte                        0x08005761   Thumb Code   136  oled.o(i.OLED_I2C_SendByte)
    OLED_I2C_Start                           0x080057ed   Thumb Code    64  oled.o(i.OLED_I2C_Start)
    OLED_I2C_Stop                            0x08005831   Thumb Code    72  oled.o(i.OLED_I2C_Stop)
    OLED_Init                                0x0800587d   Thumb Code   172  oled.o(i.OLED_Init)
    OLED_Pow                                 0x08005929   Thumb Code    14  oled.o(i.OLED_Pow)
    OLED_SetCursor                           0x08005937   Thumb Code    34  oled.o(i.OLED_SetCursor)
    OLED_ShowChar                            0x08005959   Thumb Code    98  oled.o(i.OLED_ShowChar)
    OLED_ShowNum                             0x080059c1   Thumb Code    66  oled.o(i.OLED_ShowNum)
    OLED_ShowString                          0x08005a03   Thumb Code    38  oled.o(i.OLED_ShowString)
    OLED_WriteCommand                        0x08005a29   Thumb Code    34  oled.o(i.OLED_WriteCommand)
    OLED_WriteData                           0x08005a4b   Thumb Code    34  oled.o(i.OLED_WriteData)
    PendSV_Handler                           0x08005a6d   Thumb Code     2  stm32f1xx_it.o(i.PendSV_Handler)
    SVC_Handler                              0x08005a6f   Thumb Code     2  stm32f1xx_it.o(i.SVC_Handler)
    SysTick_Handler                          0x08005a71   Thumb Code     4  stm32f1xx_it.o(i.SysTick_Handler)
    SystemClock_Config                       0x08005a75   Thumb Code   122  main.o(i.SystemClock_Config)
    SystemInit                               0x08005aef   Thumb Code     2  system_stm32f1xx.o(i.SystemInit)
    TIM_Base_SetConfig                       0x08005af1   Thumb Code   134  stm32f1xx_hal_tim.o(i.TIM_Base_SetConfig)
    TIM_CCxChannelCmd                        0x08005b8d   Thumb Code    26  stm32f1xx_hal_tim.o(i.TIM_CCxChannelCmd)
    TIM_OC2_SetConfig                        0x08005c09   Thumb Code    98  stm32f1xx_hal_tim.o(i.TIM_OC2_SetConfig)
    UART_Start_Receive_IT                    0x08005f05   Thumb Code    54  stm32f1xx_hal_uart.o(i.UART_Start_Receive_IT)
    USART2_IRQHandler                        0x08005f3d   Thumb Code     6  stm32f1xx_it.o(i.USART2_IRQHandler)
    USART3_IRQHandler                        0x08005f49   Thumb Code     6  stm32f1xx_it.o(i.USART3_IRQHandler)
    UsageFault_Handler                       0x08005f55   Thumb Code     2  stm32f1xx_it.o(i.UsageFault_Handler)
    X_get_adc                                0x08005f59   Thumb Code    42  main.o(i.X_get_adc)
    Y_get_adc                                0x08005f89   Thumb Code    42  main.o(i.Y_get_adc)
    main                                     0x08005fd9   Thumb Code   298  main.o(i.main)
    __aeabi_d2uiz                            0x0800615d   Thumb Code     0  dfixu.o(x$fpl$dfixu)
    _dfixu                                   0x0800615d   Thumb Code    90  dfixu.o(x$fpl$dfixu)
    __aeabi_ui2d                             0x080061b7   Thumb Code     0  dflt_clz.o(x$fpl$dfltu)
    _dfltu                                   0x080061b7   Thumb Code    38  dflt_clz.o(x$fpl$dfltu)
    __aeabi_dmul                             0x080061dd   Thumb Code     0  dmul.o(x$fpl$dmul)
    _dmul                                    0x080061dd   Thumb Code   332  dmul.o(x$fpl$dmul)
    __fpl_dnaninf                            0x08006331   Thumb Code   156  dnaninf.o(x$fpl$dnaninf)
    __fpl_dretinf                            0x080063cd   Thumb Code    12  dretinf.o(x$fpl$dretinf)
    __aeabi_fadd                             0x080063d9   Thumb Code     0  faddsub_clz.o(x$fpl$fadd)
    _fadd                                    0x080063d9   Thumb Code   196  faddsub_clz.o(x$fpl$fadd)
    __aeabi_fdiv                             0x0800649d   Thumb Code     0  fdiv.o(x$fpl$fdiv)
    _fdiv                                    0x0800649d   Thumb Code   384  fdiv.o(x$fpl$fdiv)
    __aeabi_f2uiz                            0x08006621   Thumb Code     0  ffixu.o(x$fpl$ffixu)
    _ffixu                                   0x08006621   Thumb Code    62  ffixu.o(x$fpl$ffixu)
    __aeabi_i2f                              0x08006661   Thumb Code     0  fflt_clz.o(x$fpl$fflt)
    _fflt                                    0x08006661   Thumb Code    48  fflt_clz.o(x$fpl$fflt)
    __aeabi_ui2f                             0x08006691   Thumb Code     0  fflt_clz.o(x$fpl$ffltu)
    _ffltu                                   0x08006691   Thumb Code    38  fflt_clz.o(x$fpl$ffltu)
    __aeabi_fmul                             0x080066b9   Thumb Code     0  fmul.o(x$fpl$fmul)
    _fmul                                    0x080066b9   Thumb Code   258  fmul.o(x$fpl$fmul)
    __fpl_fnaninf                            0x080067bb   Thumb Code   140  fnaninf.o(x$fpl$fnaninf)
    __fpl_fretinf                            0x08006847   Thumb Code    10  fretinf.o(x$fpl$fretinf)
    __aeabi_fsub                             0x08006851   Thumb Code     0  faddsub_clz.o(x$fpl$fsub)
    _fsub                                    0x08006851   Thumb Code   234  faddsub_clz.o(x$fpl$fsub)
    __I$use$fp                               0x0800693a   Number         0  usenofp.o(x$fpl$usenofp)
    gImage_Eason                             0x0800693a   Data       460808  main.o(.constdata)
    asc2_1206                                0x08077142   Data        1140  lcd.o(.constdata)
    asc2_1608                                0x080775b6   Data        1520  lcd.o(.constdata)
    asc2_2412                                0x08077ba6   Data        3420  lcd.o(.constdata)
    OLED_F8x16                               0x08078902   Data        1520  oled.o(.constdata)
    AHBPrescTable                            0x08078f16   Data          16  system_stm32f1xx.o(.constdata)
    APBPrescTable                            0x08078f26   Data           8  system_stm32f1xx.o(.constdata)
    Region$$Table$$Base                      0x08078f30   Number         0  anon$$obj.o(Region$$Table)
    Region$$Table$$Limit                     0x08078f50   Number         0  anon$$obj.o(Region$$Table)
    Mod                                      0x20000000   Data           1  main.o(.data)
    RxData3                                  0x20000001   Data           1  main.o(.data)
    Speed                                    0x20000002   Data           1  main.o(.data)
    Rxbuf                                    0x20000003   Data           1  main.o(.data)
    state                                    0x20000004   Data           1  main.o(.data)
    X                                        0x20000006   Data           2  main.o(.data)
    Y                                        0x20000008   Data           2  main.o(.data)
    Mod2_X                                   0x2000000a   Data           2  main.o(.data)
    Mod2_Y                                   0x2000000c   Data           2  main.o(.data)
    Dir_PWM_X                                0x2000000e   Data           2  main.o(.data)
    Dir_PWM_Y                                0x20000010   Data           2  main.o(.data)
    Receive_x                                0x20000012   Data           2  main.o(.data)
    Receive_y                                0x20000014   Data           2  main.o(.data)
    center_x                                 0x20000018   Data           4  main.o(.data)
    center_y                                 0x2000001c   Data           4  main.o(.data)
    Kp_X                                     0x20000020   Data           4  main.o(.data)
    Ki_X                                     0x20000024   Data           4  main.o(.data)
    Kd_X                                     0x20000028   Data           4  main.o(.data)
    Kp_Y                                     0x2000002c   Data           4  main.o(.data)
    Ki_Y                                     0x20000030   Data           4  main.o(.data)
    Kd_Y                                     0x20000034   Data           4  main.o(.data)
    dt                                       0x20000038   Data           4  main.o(.data)
    Am                                       0x2000003c   Data           4  main.o(.data)
    prev_error_X                             0x20000040   Data           4  main.o(.data)
    prev_error_Y                             0x20000044   Data           4  main.o(.data)
    pwm_X                                    0x20000048   Data           4  main.o(.data)
    pwm_Y                                    0x2000004c   Data           4  main.o(.data)
    ADC_Value_X                              0x20000050   Data           4  main.o(.data)
    ADC_Value_Y                              0x20000054   Data           4  main.o(.data)
    POINT_COLOR                              0x20000060   Data           4  lcd.o(.data)
    BACK_COLOR                               0x20000064   Data           4  lcd.o(.data)
    uwTickFreq                               0x20000068   Data           1  stm32f1xx_hal.o(.data)
    uwTickPrio                               0x2000006c   Data           4  stm32f1xx_hal.o(.data)
    uwTick                                   0x20000070   Data           4  stm32f1xx_hal.o(.data)
    SystemCoreClock                          0x20000074   Data           4  system_stm32f1xx.o(.data)
    hadc2                                    0x20000078   Data          48  adc.o(.bss)
    hadc3                                    0x200000a8   Data          48  adc.o(.bss)
    hsram4                                   0x200000d8   Data          72  fsmc.o(.bss)
    htim3                                    0x20000120   Data          72  tim.o(.bss)
    huart2                                   0x20000168   Data          72  usart.o(.bss)
    huart3                                   0x200001b0   Data          72  usart.o(.bss)
    lcddev                                   0x200001f8   Data          14  lcd.o(.bss)
    __libspace_start                         0x20000208   Data          96  libspace.o(.bss)
    __temporary_stack_top$libspace           0x20000268   Data           0  libspace.o(.bss)



==============================================================================

Memory Map of the image

  Image Entry point : 0x08000131

  Load Region LR_IROM1 (Base: 0x08000000, Size: 0x00078fc8, Max: 0x00080000, ABSOLUTE)

    Execution Region ER_IROM1 (Exec base: 0x08000000, Load base: 0x08000000, Size: 0x00078f50, Max: 0x00080000, ABSOLUTE)

    Exec Addr    Load Addr    Size         Type   Attr      Idx    E Section Name        Object

    0x08000000   0x08000000   0x00000130   Data   RO            3    RESET               startup_stm32f103xe.o
    0x08000130   0x08000130   0x00000008   Code   RO         3887  * !!!main             c_w.l(__main.o)
    0x08000138   0x08000138   0x00000034   Code   RO         4089    !!!scatter          c_w.l(__scatter.o)
    0x0800016c   0x0800016c   0x0000001a   Code   RO         4091    !!handler_copy      c_w.l(__scatter_copy.o)
    0x08000186   0x08000186   0x00000002   PAD
    0x08000188   0x08000188   0x0000001c   Code   RO         4093    !!handler_zi        c_w.l(__scatter_zi.o)
    0x080001a4   0x080001a4   0x00000002   Code   RO         3957    .ARM.Collect$$libinit$$00000000  c_w.l(libinit.o)
    0x080001a6   0x080001a6   0x00000000   Code   RO         3964    .ARM.Collect$$libinit$$00000002  c_w.l(libinit2.o)
    0x080001a6   0x080001a6   0x00000000   Code   RO         3966    .ARM.Collect$$libinit$$00000004  c_w.l(libinit2.o)
    0x080001a6   0x080001a6   0x00000000   Code   RO         3969    .ARM.Collect$$libinit$$0000000A  c_w.l(libinit2.o)
    0x080001a6   0x080001a6   0x00000000   Code   RO         3971    .ARM.Collect$$libinit$$0000000C  c_w.l(libinit2.o)
    0x080001a6   0x080001a6   0x00000000   Code   RO         3973    .ARM.Collect$$libinit$$0000000E  c_w.l(libinit2.o)
    0x080001a6   0x080001a6   0x00000000   Code   RO         3976    .ARM.Collect$$libinit$$00000011  c_w.l(libinit2.o)
    0x080001a6   0x080001a6   0x00000000   Code   RO         3978    .ARM.Collect$$libinit$$00000013  c_w.l(libinit2.o)
    0x080001a6   0x080001a6   0x00000000   Code   RO         3980    .ARM.Collect$$libinit$$00000015  c_w.l(libinit2.o)
    0x080001a6   0x080001a6   0x00000000   Code   RO         3982    .ARM.Collect$$libinit$$00000017  c_w.l(libinit2.o)
    0x080001a6   0x080001a6   0x00000000   Code   RO         3984    .ARM.Collect$$libinit$$00000019  c_w.l(libinit2.o)
    0x080001a6   0x080001a6   0x00000000   Code   RO         3986    .ARM.Collect$$libinit$$0000001B  c_w.l(libinit2.o)
    0x080001a6   0x080001a6   0x00000000   Code   RO         3988    .ARM.Collect$$libinit$$0000001D  c_w.l(libinit2.o)
    0x080001a6   0x080001a6   0x00000000   Code   RO         3990    .ARM.Collect$$libinit$$0000001F  c_w.l(libinit2.o)
    0x080001a6   0x080001a6   0x00000000   Code   RO         3992    .ARM.Collect$$libinit$$00000021  c_w.l(libinit2.o)
    0x080001a6   0x080001a6   0x00000000   Code   RO         3994    .ARM.Collect$$libinit$$00000023  c_w.l(libinit2.o)
    0x080001a6   0x080001a6   0x00000000   Code   RO         3996    .ARM.Collect$$libinit$$00000025  c_w.l(libinit2.o)
    0x080001a6   0x080001a6   0x00000000   Code   RO         4000    .ARM.Collect$$libinit$$0000002C  c_w.l(libinit2.o)
    0x080001a6   0x080001a6   0x00000000   Code   RO         4002    .ARM.Collect$$libinit$$0000002E  c_w.l(libinit2.o)
    0x080001a6   0x080001a6   0x00000000   Code   RO         4004    .ARM.Collect$$libinit$$00000030  c_w.l(libinit2.o)
    0x080001a6   0x080001a6   0x00000000   Code   RO         4006    .ARM.Collect$$libinit$$00000032  c_w.l(libinit2.o)
    0x080001a6   0x080001a6   0x00000002   Code   RO         4007    .ARM.Collect$$libinit$$00000033  c_w.l(libinit2.o)
    0x080001a8   0x080001a8   0x00000002   Code   RO         4027    .ARM.Collect$$libshutdown$$00000000  c_w.l(libshutdown.o)
    0x080001aa   0x080001aa   0x00000000   Code   RO         4040    .ARM.Collect$$libshutdown$$00000002  c_w.l(libshutdown2.o)
    0x080001aa   0x080001aa   0x00000000   Code   RO         4042    .ARM.Collect$$libshutdown$$00000004  c_w.l(libshutdown2.o)
    0x080001aa   0x080001aa   0x00000000   Code   RO         4044    .ARM.Collect$$libshutdown$$00000006  c_w.l(libshutdown2.o)
    0x080001aa   0x080001aa   0x00000000   Code   RO         4047    .ARM.Collect$$libshutdown$$00000009  c_w.l(libshutdown2.o)
    0x080001aa   0x080001aa   0x00000000   Code   RO         4050    .ARM.Collect$$libshutdown$$0000000C  c_w.l(libshutdown2.o)
    0x080001aa   0x080001aa   0x00000000   Code   RO         4052    .ARM.Collect$$libshutdown$$0000000E  c_w.l(libshutdown2.o)
    0x080001aa   0x080001aa   0x00000000   Code   RO         4055    .ARM.Collect$$libshutdown$$00000011  c_w.l(libshutdown2.o)
    0x080001aa   0x080001aa   0x00000002   Code   RO         4056    .ARM.Collect$$libshutdown$$00000012  c_w.l(libshutdown2.o)
    0x080001ac   0x080001ac   0x00000000   Code   RO         3923    .ARM.Collect$$rtentry$$00000000  c_w.l(__rtentry.o)
    0x080001ac   0x080001ac   0x00000000   Code   RO         3934    .ARM.Collect$$rtentry$$00000002  c_w.l(__rtentry2.o)
    0x080001ac   0x080001ac   0x00000006   Code   RO         3946    .ARM.Collect$$rtentry$$00000004  c_w.l(__rtentry4.o)
    0x080001b2   0x080001b2   0x00000000   Code   RO         3936    .ARM.Collect$$rtentry$$00000009  c_w.l(__rtentry2.o)
    0x080001b2   0x080001b2   0x00000004   Code   RO         3937    .ARM.Collect$$rtentry$$0000000A  c_w.l(__rtentry2.o)
    0x080001b6   0x080001b6   0x00000000   Code   RO         3939    .ARM.Collect$$rtentry$$0000000C  c_w.l(__rtentry2.o)
    0x080001b6   0x080001b6   0x00000008   Code   RO         3940    .ARM.Collect$$rtentry$$0000000D  c_w.l(__rtentry2.o)
    0x080001be   0x080001be   0x00000002   Code   RO         3961    .ARM.Collect$$rtexit$$00000000  c_w.l(rtexit.o)
    0x080001c0   0x080001c0   0x00000000   Code   RO         4009    .ARM.Collect$$rtexit$$00000002  c_w.l(rtexit2.o)
    0x080001c0   0x080001c0   0x00000004   Code   RO         4010    .ARM.Collect$$rtexit$$00000003  c_w.l(rtexit2.o)
    0x080001c4   0x080001c4   0x00000006   Code   RO         4011    .ARM.Collect$$rtexit$$00000004  c_w.l(rtexit2.o)
    0x080001ca   0x080001ca   0x00000002   PAD
    0x080001cc   0x080001cc   0x00000040   Code   RO            4    .text               startup_stm32f103xe.o
    0x0800020c   0x0800020c   0x0000004e   Code   RO         3883    .text               c_w.l(rt_memclr_w.o)
    0x0800025a   0x0800025a   0x00000006   Code   RO         3885    .text               c_w.l(heapauxi.o)
    0x08000260   0x08000260   0x0000004a   Code   RO         3948    .text               c_w.l(sys_stackheap_outer.o)
    0x080002aa   0x080002aa   0x00000012   Code   RO         3950    .text               c_w.l(exit.o)
    0x080002bc   0x080002bc   0x00000008   Code   RO         3958    .text               c_w.l(libspace.o)
    0x080002c4   0x080002c4   0x0000000c   Code   RO         4019    .text               c_w.l(sys_exit.o)
    0x080002d0   0x080002d0   0x00000002   Code   RO         4030    .text               c_w.l(use_no_semi.o)
    0x080002d2   0x080002d2   0x00000000   Code   RO         4032    .text               c_w.l(indicate_semi.o)
    0x080002d2   0x080002d2   0x00000002   PAD
    0x080002d4   0x080002d4   0x00000056   Code   RO          994    i.ADC_ConversionStop_Disable  stm32f1xx_hal_adc.o
    0x0800032a   0x0800032a   0x00000002   PAD
    0x0800032c   0x0800032c   0x0000007c   Code   RO          998    i.ADC_Enable        stm32f1xx_hal_adc.o
    0x080003a8   0x080003a8   0x00000002   Code   RO          464    i.BusFault_Handler  stm32f1xx_it.o
    0x080003aa   0x080003aa   0x00000002   Code   RO          465    i.DebugMon_Handler  stm32f1xx_it.o
    0x080003ac   0x080003ac   0x000000b4   Code   RO          931    i.Dir_PWM           mode3.o
    0x08000460   0x08000460   0x00000006   Code   RO          466    i.EXTI1_IRQHandler  stm32f1xx_it.o
    0x08000466   0x08000466   0x00000004   Code   RO           13    i.Error_Handler     main.o
    0x0800046a   0x0800046a   0x00000002   PAD
    0x0800046c   0x0800046c   0x0000003c   Code   RO         2255    i.FSMC_NORSRAM_Extended_Timing_Init  stm32f1xx_ll_fsmc.o
    0x080004a8   0x080004a8   0x00000068   Code   RO         2256    i.FSMC_NORSRAM_Init  stm32f1xx_ll_fsmc.o
    0x08000510   0x08000510   0x0000003c   Code   RO         2257    i.FSMC_NORSRAM_Timing_Init  stm32f1xx_ll_fsmc.o
    0x0800054c   0x0800054c   0x000000fc   Code   RO         1000    i.HAL_ADC_ConfigChannel  stm32f1xx_hal_adc.o
    0x08000648   0x08000648   0x00000004   Code   RO         1006    i.HAL_ADC_GetState  stm32f1xx_hal_adc.o
    0x0800064c   0x0800064c   0x00000006   Code   RO         1007    i.HAL_ADC_GetValue  stm32f1xx_hal_adc.o
    0x08000652   0x08000652   0x00000002   PAD
    0x08000654   0x08000654   0x00000120   Code   RO         1009    i.HAL_ADC_Init      stm32f1xx_hal_adc.o
    0x08000774   0x08000774   0x00000088   Code   RO          273    i.HAL_ADC_MspInit   adc.o
    0x080007fc   0x080007fc   0x0000013c   Code   RO         1013    i.HAL_ADC_PollForConversion  stm32f1xx_hal_adc.o
    0x08000938   0x08000938   0x000000c0   Code   RO         1015    i.HAL_ADC_Start     stm32f1xx_hal_adc.o
    0x080009f8   0x080009f8   0x00000046   Code   RO         1651    i.HAL_DMA_Abort     stm32f1xx_hal_dma.o
    0x08000a3e   0x08000a3e   0x00000002   PAD
    0x08000a40   0x08000a40   0x00000130   Code   RO         1652    i.HAL_DMA_Abort_IT  stm32f1xx_hal_dma.o
    0x08000b70   0x08000b70   0x00000024   Code   RO         1277    i.HAL_Delay         stm32f1xx_hal.o
    0x08000b94   0x08000b94   0x00000080   Code   RO          320    i.HAL_FSMC_MspInit  fsmc.o
    0x08000c14   0x08000c14   0x00000108   Code   RO           14    i.HAL_GPIO_EXTI_Callback  main.o
    0x08000d1c   0x08000d1c   0x00000018   Code   RO         1586    i.HAL_GPIO_EXTI_IRQHandler  stm32f1xx_hal_gpio.o
    0x08000d34   0x08000d34   0x000001f8   Code   RO         1587    i.HAL_GPIO_Init     stm32f1xx_hal_gpio.o
    0x08000f2c   0x08000f2c   0x0000000a   Code   RO         1591    i.HAL_GPIO_WritePin  stm32f1xx_hal_gpio.o
    0x08000f36   0x08000f36   0x00000002   PAD
    0x08000f38   0x08000f38   0x0000000c   Code   RO         1281    i.HAL_GetTick       stm32f1xx_hal.o
    0x08000f44   0x08000f44   0x00000010   Code   RO         1287    i.HAL_IncTick       stm32f1xx_hal.o
    0x08000f54   0x08000f54   0x00000024   Code   RO         1288    i.HAL_Init          stm32f1xx_hal.o
    0x08000f78   0x08000f78   0x00000040   Code   RO         1289    i.HAL_InitTick      stm32f1xx_hal.o
    0x08000fb8   0x08000fb8   0x0000003c   Code   RO          558    i.HAL_MspInit       stm32f1xx_hal_msp.o
    0x08000ff4   0x08000ff4   0x0000001a   Code   RO         1747    i.HAL_NVIC_EnableIRQ  stm32f1xx_hal_cortex.o
    0x0800100e   0x0800100e   0x00000002   PAD
    0x08001010   0x08001010   0x00000040   Code   RO         1753    i.HAL_NVIC_SetPriority  stm32f1xx_hal_cortex.o
    0x08001050   0x08001050   0x00000024   Code   RO         1754    i.HAL_NVIC_SetPriorityGrouping  stm32f1xx_hal_cortex.o
    0x08001074   0x08001074   0x000000b8   Code   RO         1548    i.HAL_RCCEx_GetPeriphCLKFreq  stm32f1xx_hal_rcc_ex.o
    0x0800112c   0x0800112c   0x000000ec   Code   RO         1549    i.HAL_RCCEx_PeriphCLKConfig  stm32f1xx_hal_rcc_ex.o
    0x08001218   0x08001218   0x0000012c   Code   RO         1445    i.HAL_RCC_ClockConfig  stm32f1xx_hal_rcc.o
    0x08001344   0x08001344   0x00000020   Code   RO         1452    i.HAL_RCC_GetPCLK1Freq  stm32f1xx_hal_rcc.o
    0x08001364   0x08001364   0x00000020   Code   RO         1453    i.HAL_RCC_GetPCLK2Freq  stm32f1xx_hal_rcc.o
    0x08001384   0x08001384   0x0000004c   Code   RO         1454    i.HAL_RCC_GetSysClockFreq  stm32f1xx_hal_rcc.o
    0x080013d0   0x080013d0   0x00000320   Code   RO         1457    i.HAL_RCC_OscConfig  stm32f1xx_hal_rcc.o
    0x080016f0   0x080016f0   0x00000064   Code   RO         2377    i.HAL_SRAM_Init     stm32f1xx_hal_sram.o
    0x08001754   0x08001754   0x00000004   Code   RO          322    i.HAL_SRAM_MspInit  fsmc.o
    0x08001758   0x08001758   0x00000028   Code   RO         1758    i.HAL_SYSTICK_Config  stm32f1xx_hal_cortex.o
    0x08001780   0x08001780   0x0000007c   Code   RO         3233    i.HAL_TIMEx_MasterConfigSynchronization  stm32f1xx_hal_tim_ex.o
    0x080017fc   0x080017fc   0x0000004c   Code   RO          368    i.HAL_TIM_MspPostInit  tim.o
    0x08001848   0x08001848   0x000000cc   Code   RO         2582    i.HAL_TIM_PWM_ConfigChannel  stm32f1xx_hal_tim.o
    0x08001914   0x08001914   0x0000005a   Code   RO         2585    i.HAL_TIM_PWM_Init  stm32f1xx_hal_tim.o
    0x0800196e   0x0800196e   0x00000002   PAD
    0x08001970   0x08001970   0x00000028   Code   RO          370    i.HAL_TIM_PWM_MspInit  tim.o
    0x08001998   0x08001998   0x000000b4   Code   RO         2590    i.HAL_TIM_PWM_Start  stm32f1xx_hal_tim.o
    0x08001a4c   0x08001a4c   0x00000002   Code   RO         3493    i.HAL_UARTEx_RxEventCallback  stm32f1xx_hal_uart.o
    0x08001a4e   0x08001a4e   0x00000002   Code   RO         3507    i.HAL_UART_ErrorCallback  stm32f1xx_hal_uart.o
    0x08001a50   0x08001a50   0x0000026c   Code   RO         3510    i.HAL_UART_IRQHandler  stm32f1xx_hal_uart.o
    0x08001cbc   0x08001cbc   0x00000064   Code   RO         3511    i.HAL_UART_Init     stm32f1xx_hal_uart.o
    0x08001d20   0x08001d20   0x000000dc   Code   RO          417    i.HAL_UART_MspInit  usart.o
    0x08001dfc   0x08001dfc   0x0000001c   Code   RO         3516    i.HAL_UART_Receive_IT  stm32f1xx_hal_uart.o
    0x08001e18   0x08001e18   0x000000f8   Code   RO           15    i.HAL_UART_RxCpltCallback  main.o
    0x08001f10   0x08001f10   0x00000002   Code   RO         3522    i.HAL_UART_TxCpltCallback  stm32f1xx_hal_uart.o
    0x08001f12   0x08001f12   0x00000002   Code   RO          467    i.HardFault_Handler  stm32f1xx_it.o
    0x08001f14   0x08001f14   0x00000070   Code   RO           16    i.Incremental_PID   main.o
    0x08001f84   0x08001f84   0x00000030   Code   RO          583    i.LCD_Clear         lcd.o
    0x08001fb4   0x08001fb4   0x000000ec   Code   RO          587    i.LCD_Display_Dir   lcd.o
    0x080020a0   0x080020a0   0x000000d0   Code   RO          593    i.LCD_Fast_DrawPoint  lcd.o
    0x08002170   0x08002170   0x00002a18   Code   RO          595    i.LCD_Init          lcd.o
    0x08004b88   0x08004b88   0x00000010   Code   RO          596    i.LCD_Pow           lcd.o
    0x08004b98   0x08004b98   0x00000014   Code   RO          597    i.LCD_RD_DATA       lcd.o
    0x08004bac   0x08004bac   0x0000004c   Code   RO          600    i.LCD_SSD_BackLightSet  lcd.o
    0x08004bf8   0x08004bf8   0x00000184   Code   RO          601    i.LCD_Scan_Dir      lcd.o
    0x08004d7c   0x08004d7c   0x000000f4   Code   RO          602    i.LCD_SetCursor     lcd.o
    0x08004e70   0x08004e70   0x000000d4   Code   RO          604    i.LCD_ShowChar      lcd.o
    0x08004f44   0x08004f44   0x00000076   Code   RO          605    i.LCD_ShowNum       lcd.o
    0x08004fba   0x08004fba   0x00000038   Code   RO          606    i.LCD_ShowPicture   lcd.o
    0x08004ff2   0x08004ff2   0x00000054   Code   RO          607    i.LCD_ShowString    lcd.o
    0x08005046   0x08005046   0x00000002   PAD
    0x08005048   0x08005048   0x00000018   Code   RO          610    i.LCD_WR_DATA       lcd.o
    0x08005060   0x08005060   0x00000018   Code   RO          611    i.LCD_WR_REG        lcd.o
    0x08005078   0x08005078   0x00000014   Code   RO          613    i.LCD_WriteRAM_Prepare  lcd.o
    0x0800508c   0x0800508c   0x00000010   Code   RO          614    i.LCD_WriteReg      lcd.o
    0x0800509c   0x0800509c   0x00000050   Code   RO          274    i.MX_ADC2_Init      adc.o
    0x080050ec   0x080050ec   0x00000050   Code   RO          275    i.MX_ADC3_Init      adc.o
    0x0800513c   0x0800513c   0x00000094   Code   RO          323    i.MX_FSMC_Init      fsmc.o
    0x080051d0   0x080051d0   0x00000184   Code   RO          248    i.MX_GPIO_Init      gpio.o
    0x08005354   0x08005354   0x00000080   Code   RO          371    i.MX_TIM3_Init      tim.o
    0x080053d4   0x080053d4   0x00000038   Code   RO          418    i.MX_USART2_UART_Init  usart.o
    0x0800540c   0x0800540c   0x00000038   Code   RO          419    i.MX_USART3_UART_Init  usart.o
    0x08005444   0x08005444   0x0000001a   Code   RO           17    i.Map_XY_To_PWM     main.o
    0x0800545e   0x0800545e   0x00000002   Code   RO          468    i.MemManage_Handler  stm32f1xx_it.o
    0x08005460   0x08005460   0x00000108   Code   RO           18    i.Mod1_run          main.o
    0x08005568   0x08005568   0x0000007c   Code   RO           19    i.Mod2_run          main.o
    0x080055e4   0x080055e4   0x000000d4   Code   RO           20    i.Mod3_run          main.o
    0x080056b8   0x080056b8   0x00000002   Code   RO          469    i.NMI_Handler       stm32f1xx_it.o
    0x080056ba   0x080056ba   0x00000026   Code   RO          810    i.OLED_Clear        oled.o
    0x080056e0   0x080056e0   0x00000020   Code   RO          811    i.OLED_DelayUs      oled.o
    0x08005700   0x08005700   0x00000060   Code   RO          812    i.OLED_GPIO_Init    oled.o
    0x08005760   0x08005760   0x0000008c   Code   RO          813    i.OLED_I2C_SendByte  oled.o
    0x080057ec   0x080057ec   0x00000044   Code   RO          814    i.OLED_I2C_Start    oled.o
    0x08005830   0x08005830   0x0000004c   Code   RO          815    i.OLED_I2C_Stop     oled.o
    0x0800587c   0x0800587c   0x000000ac   Code   RO          816    i.OLED_Init         oled.o
    0x08005928   0x08005928   0x0000000e   Code   RO          817    i.OLED_Pow          oled.o
    0x08005936   0x08005936   0x00000022   Code   RO          818    i.OLED_SetCursor    oled.o
    0x08005958   0x08005958   0x00000068   Code   RO          820    i.OLED_ShowChar     oled.o
    0x080059c0   0x080059c0   0x00000042   Code   RO          822    i.OLED_ShowNum      oled.o
    0x08005a02   0x08005a02   0x00000026   Code   RO          824    i.OLED_ShowString   oled.o
    0x08005a28   0x08005a28   0x00000022   Code   RO          825    i.OLED_WriteCommand  oled.o
    0x08005a4a   0x08005a4a   0x00000022   Code   RO          826    i.OLED_WriteData    oled.o
    0x08005a6c   0x08005a6c   0x00000002   Code   RO          470    i.PendSV_Handler    stm32f1xx_it.o
    0x08005a6e   0x08005a6e   0x00000002   Code   RO          471    i.SVC_Handler       stm32f1xx_it.o
    0x08005a70   0x08005a70   0x00000004   Code   RO          472    i.SysTick_Handler   stm32f1xx_it.o
    0x08005a74   0x08005a74   0x0000007a   Code   RO           21    i.SystemClock_Config  main.o
    0x08005aee   0x08005aee   0x00000002   Code   RO         3845    i.SystemInit        system_stm32f1xx.o
    0x08005af0   0x08005af0   0x0000009c   Code   RO         2603    i.TIM_Base_SetConfig  stm32f1xx_hal_tim.o
    0x08005b8c   0x08005b8c   0x0000001a   Code   RO         2604    i.TIM_CCxChannelCmd  stm32f1xx_hal_tim.o
    0x08005ba6   0x08005ba6   0x00000002   PAD
    0x08005ba8   0x08005ba8   0x00000060   Code   RO         2616    i.TIM_OC1_SetConfig  stm32f1xx_hal_tim.o
    0x08005c08   0x08005c08   0x0000006c   Code   RO         2617    i.TIM_OC2_SetConfig  stm32f1xx_hal_tim.o
    0x08005c74   0x08005c74   0x00000068   Code   RO         2618    i.TIM_OC3_SetConfig  stm32f1xx_hal_tim.o
    0x08005cdc   0x08005cdc   0x00000050   Code   RO         2619    i.TIM_OC4_SetConfig  stm32f1xx_hal_tim.o
    0x08005d2c   0x08005d2c   0x00000010   Code   RO         3524    i.UART_DMAAbortOnError  stm32f1xx_hal_uart.o
    0x08005d3c   0x08005d3c   0x0000004e   Code   RO         3534    i.UART_EndRxTransfer  stm32f1xx_hal_uart.o
    0x08005d8a   0x08005d8a   0x000000c2   Code   RO         3536    i.UART_Receive_IT   stm32f1xx_hal_uart.o
    0x08005e4c   0x08005e4c   0x000000b8   Code   RO         3537    i.UART_SetConfig    stm32f1xx_hal_uart.o
    0x08005f04   0x08005f04   0x00000036   Code   RO         3539    i.UART_Start_Receive_IT  stm32f1xx_hal_uart.o
    0x08005f3a   0x08005f3a   0x00000002   PAD
    0x08005f3c   0x08005f3c   0x0000000c   Code   RO          473    i.USART2_IRQHandler  stm32f1xx_it.o
    0x08005f48   0x08005f48   0x0000000c   Code   RO          474    i.USART3_IRQHandler  stm32f1xx_it.o
    0x08005f54   0x08005f54   0x00000002   Code   RO          475    i.UsageFault_Handler  stm32f1xx_it.o
    0x08005f56   0x08005f56   0x00000002   PAD
    0x08005f58   0x08005f58   0x00000030   Code   RO           22    i.X_get_adc         main.o
    0x08005f88   0x08005f88   0x00000030   Code   RO           23    i.Y_get_adc         main.o
    0x08005fb8   0x08005fb8   0x00000020   Code   RO         1760    i.__NVIC_SetPriority  stm32f1xx_hal_cortex.o
    0x08005fd8   0x08005fd8   0x00000184   Code   RO           24    i.main              main.o
    0x0800615c   0x0800615c   0x0000005a   Code   RO         3889    x$fpl$dfixu         fz_ws.l(dfixu.o)
    0x080061b6   0x080061b6   0x00000026   Code   RO         3893    x$fpl$dfltu         fz_ws.l(dflt_clz.o)
    0x080061dc   0x080061dc   0x00000154   Code   RO         3899    x$fpl$dmul          fz_ws.l(dmul.o)
    0x08006330   0x08006330   0x0000009c   Code   RO         3924    x$fpl$dnaninf       fz_ws.l(dnaninf.o)
    0x080063cc   0x080063cc   0x0000000c   Code   RO         3926    x$fpl$dretinf       fz_ws.l(dretinf.o)
    0x080063d8   0x080063d8   0x000000c4   Code   RO         3901    x$fpl$fadd          fz_ws.l(faddsub_clz.o)
    0x0800649c   0x0800649c   0x00000184   Code   RO         3908    x$fpl$fdiv          fz_ws.l(fdiv.o)
    0x08006620   0x08006620   0x0000003e   Code   RO         3911    x$fpl$ffixu         fz_ws.l(ffixu.o)
    0x0800665e   0x0800665e   0x00000002   PAD
    0x08006660   0x08006660   0x00000030   Code   RO         3916    x$fpl$fflt          fz_ws.l(fflt_clz.o)
    0x08006690   0x08006690   0x00000026   Code   RO         3915    x$fpl$ffltu         fz_ws.l(fflt_clz.o)
    0x080066b6   0x080066b6   0x00000002   PAD
    0x080066b8   0x080066b8   0x00000102   Code   RO         3921    x$fpl$fmul          fz_ws.l(fmul.o)
    0x080067ba   0x080067ba   0x0000008c   Code   RO         3928    x$fpl$fnaninf       fz_ws.l(fnaninf.o)
    0x08006846   0x08006846   0x0000000a   Code   RO         3930    x$fpl$fretinf       fz_ws.l(fretinf.o)
    0x08006850   0x08006850   0x000000ea   Code   RO         3903    x$fpl$fsub          fz_ws.l(faddsub_clz.o)
    0x0800693a   0x0800693a   0x00000000   Code   RO         3932    x$fpl$usenofp       fz_ws.l(usenofp.o)
    0x0800693a   0x0800693a   0x00070808   Data   RO           25    .constdata          main.o
    0x08077142   0x08077142   0x000017c0   Data   RO          618    .constdata          lcd.o
    0x08078902   0x08078902   0x000005f0   Data   RO          827    .constdata          oled.o
    0x08078ef2   0x08078ef2   0x00000012   Data   RO         1458    .constdata          stm32f1xx_hal_rcc.o
    0x08078f04   0x08078f04   0x00000012   Data   RO         1550    .constdata          stm32f1xx_hal_rcc_ex.o
    0x08078f16   0x08078f16   0x00000010   Data   RO         3846    .constdata          system_stm32f1xx.o
    0x08078f26   0x08078f26   0x00000008   Data   RO         3847    .constdata          system_stm32f1xx.o
    0x08078f2e   0x08078f2e   0x00000002   PAD
    0x08078f30   0x08078f30   0x00000020   Data   RO         4087    Region$$Table       anon$$obj.o


    Execution Region RW_IRAM1 (Exec base: 0x20000000, Load base: 0x08078f50, Size: 0x00000868, Max: 0x00010000, ABSOLUTE)

    Exec Addr    Load Addr    Size         Type   Attr      Idx    E Section Name        Object

    0x20000000   0x08078f50   0x00000058   Data   RW           26    .data               main.o
    0x20000058   0x08078fa8   0x00000008   Data   RW          325    .data               fsmc.o
    0x20000060   0x08078fb0   0x00000008   Data   RW          620    .data               lcd.o
    0x20000068   0x08078fb8   0x0000000c   Data   RW         1295    .data               stm32f1xx_hal.o
    0x20000074   0x08078fc4   0x00000004   Data   RW         3848    .data               system_stm32f1xx.o
    0x20000078        -       0x00000060   Zero   RW          276    .bss                adc.o
    0x200000d8        -       0x00000048   Zero   RW          324    .bss                fsmc.o
    0x20000120        -       0x00000048   Zero   RW          372    .bss                tim.o
    0x20000168        -       0x00000090   Zero   RW          420    .bss                usart.o
    0x200001f8        -       0x0000000e   Zero   RW          617    .bss                lcd.o
    0x20000206   0x08078fc8   0x00000002   PAD
    0x20000208        -       0x00000060   Zero   RW         3959    .bss                c_w.l(libspace.o)
    0x20000268        -       0x00000200   Zero   RW            2    HEAP                startup_stm32f103xe.o
    0x20000468        -       0x00000400   Zero   RW            1    STACK               startup_stm32f103xe.o


==============================================================================

Image component sizes


      Code (inc. data)   RO Data    RW Data    ZI Data      Debug   Object Name

       296         38          0          0         96       2210   adc.o
       280         36          0          8         72       2135   fsmc.o
       388         28          0          0          0       1115   gpio.o
     12566        112       6080          8         14      19500   lcd.o
      1860        248     460808         88          0     520655   main.o
       180          0          0          0          0        714   mode3.o
       946         38       1520          0          0       8911   oled.o
        64         26        304          0       1536        796   startup_stm32f103xe.o
       164         28          0         12          0       6389   stm32f1xx_hal.o
      1268         58          0          0          0       6999   stm32f1xx_hal_adc.o
       198         14          0          0          0      28851   stm32f1xx_hal_cortex.o
       374          8          0          0          0       1787   stm32f1xx_hal_dma.o
       538         48          0          0          0       3439   stm32f1xx_hal_gpio.o
        60          8          0          0          0        846   stm32f1xx_hal_msp.o
      1240         84         18          0          0       5020   stm32f1xx_hal_rcc.o
       420         30         18          0          0       2473   stm32f1xx_hal_rcc_ex.o
       100          0          0          0          0       1184   stm32f1xx_hal_sram.o
      1044         78          0          0          0       7982   stm32f1xx_hal_tim.o
       124         20          0          0          0       1328   stm32f1xx_hal_tim_ex.o
      1280         10          0          0          0       8664   stm32f1xx_hal_uart.o
        50         12          0          0          0       4993   stm32f1xx_it.o
       224         14          0          0          0       3827   stm32f1xx_ll_fsmc.o
         2          0         24          4          0       1071   system_stm32f1xx.o
       244         32          0          0         72       2159   tim.o
       332         36          0          0        144       2279   usart.o

    ----------------------------------------------------------------------
     24264       1006     468806        120       1936     645327   Object Totals
         0          0         32          0          0          0   (incl. Generated)
        22          0          2          0          2          0   (incl. Padding)

    ----------------------------------------------------------------------

      Code (inc. data)   RO Data    RW Data    ZI Data      Debug   Library Member Name

         8          0          0          0          0         68   __main.o
         0          0          0          0          0          0   __rtentry.o
        12          0          0          0          0          0   __rtentry2.o
         6          0          0          0          0          0   __rtentry4.o
        52          8          0          0          0          0   __scatter.o
        26          0          0          0          0          0   __scatter_copy.o
        28          0          0          0          0          0   __scatter_zi.o
        18          0          0          0          0         80   exit.o
         6          0          0          0          0        152   heapauxi.o
         0          0          0          0          0          0   indicate_semi.o
         2          0          0          0          0          0   libinit.o
         2          0          0          0          0          0   libinit2.o
         2          0          0          0          0          0   libshutdown.o
         2          0          0          0          0          0   libshutdown2.o
         8          4          0          0         96         68   libspace.o
        78          0          0          0          0         80   rt_memclr_w.o
         2          0          0          0          0          0   rtexit.o
        10          0          0          0          0          0   rtexit2.o
        12          4          0          0          0         68   sys_exit.o
        74          0          0          0          0         80   sys_stackheap_outer.o
         2          0          0          0          0         68   use_no_semi.o
        90          4          0          0          0         92   dfixu.o
        38          0          0          0          0         68   dflt_clz.o
       340         12          0          0          0        104   dmul.o
       156          4          0          0          0         92   dnaninf.o
        12          0          0          0          0         68   dretinf.o
       430          8          0          0          0        168   faddsub_clz.o
       388         76          0          0          0         96   fdiv.o
        62          4          0          0          0         84   ffixu.o
        86          0          0          0          0        136   fflt_clz.o
       258          4          0          0          0         84   fmul.o
       140          4          0          0          0         84   fnaninf.o
        10          0          0          0          0         68   fretinf.o
         0          0          0          0          0          0   usenofp.o

    ----------------------------------------------------------------------
      2370        132          0          0         96       1808   Library Totals
        10          0          0          0          0          0   (incl. Padding)

    ----------------------------------------------------------------------

      Code (inc. data)   RO Data    RW Data    ZI Data      Debug   Library Name

       350         16          0          0         96        664   c_w.l
      2010        116          0          0          0       1144   fz_ws.l

    ----------------------------------------------------------------------
      2370        132          0          0         96       1808   Library Totals

    ----------------------------------------------------------------------

==============================================================================


      Code (inc. data)   RO Data    RW Data    ZI Data      Debug   

     26634       1138     468806        120       2032     640007   Grand Totals
     26634       1138     468806        120       2032     640007   ELF Image Totals
     26634       1138     468806        120          0          0   ROM Totals

==============================================================================

    Total RO  Size (Code + RO Data)               495440 ( 483.83kB)
    Total RW  Size (RW Data + ZI Data)              2152 (   2.10kB)
    Total ROM Size (Code + RO Data + RW Data)     495560 ( 483.95kB)

==============================================================================

